Archive member included to satisfy reference by file (symbol)

e:/arm gnu toolchain arm-none-eabi/11.2 2022.02/bin/../lib/gcc/arm-none-eabi/11.2.1/thumb/v7-m/nofp\libg.a(lib_a-errno.o)
                              CMakeFiles/f103ze_usart_stlink.elf.dir/Core/Src/syscalls.c.obj (__errno)
e:/arm gnu toolchain arm-none-eabi/11.2 2022.02/bin/../lib/gcc/arm-none-eabi/11.2.1/thumb/v7-m/nofp\libg.a(lib_a-exit.o)
                              e:/arm gnu toolchain arm-none-eabi/11.2 2022.02/bin/../lib/gcc/arm-none-eabi/11.2.1/thumb/v7-m/nofp/crt0.o (exit)
e:/arm gnu toolchain arm-none-eabi/11.2 2022.02/bin/../lib/gcc/arm-none-eabi/11.2.1/thumb/v7-m/nofp\libg.a(lib_a-impure.o)
                              e:/arm gnu toolchain arm-none-eabi/11.2 2022.02/bin/../lib/gcc/arm-none-eabi/11.2.1/thumb/v7-m/nofp\libg.a(lib_a-exit.o) (_global_impure_ptr)
e:/arm gnu toolchain arm-none-eabi/11.2 2022.02/bin/../lib/gcc/arm-none-eabi/11.2.1/thumb/v7-m/nofp\libg.a(lib_a-init.o)
                              e:/arm gnu toolchain arm-none-eabi/11.2 2022.02/bin/../lib/gcc/arm-none-eabi/11.2.1/thumb/v7-m/nofp/crt0.o (__libc_init_array)
e:/arm gnu toolchain arm-none-eabi/11.2 2022.02/bin/../lib/gcc/arm-none-eabi/11.2.1/thumb/v7-m/nofp\libg.a(lib_a-memset.o)
                              e:/arm gnu toolchain arm-none-eabi/11.2 2022.02/bin/../lib/gcc/arm-none-eabi/11.2.1/thumb/v7-m/nofp/crt0.o (memset)
e:/arm gnu toolchain arm-none-eabi/11.2 2022.02/bin/../lib/gcc/arm-none-eabi/11.2.1/thumb/v7-m/nofp\libg.a(lib_a-puts.o)
                              CMakeFiles/f103ze_usart_stlink.elf.dir/Core/Src/usart.c.obj (puts)
e:/arm gnu toolchain arm-none-eabi/11.2 2022.02/bin/../lib/gcc/arm-none-eabi/11.2.1/thumb/v7-m/nofp\libg.a(lib_a-strlen-stub.o)
                              e:/arm gnu toolchain arm-none-eabi/11.2 2022.02/bin/../lib/gcc/arm-none-eabi/11.2.1/thumb/v7-m/nofp\libg.a(lib_a-puts.o) (strlen)
e:/arm gnu toolchain arm-none-eabi/11.2 2022.02/bin/../lib/gcc/arm-none-eabi/11.2.1/thumb/v7-m/nofp\libg.a(lib_a-__call_atexit.o)
                              e:/arm gnu toolchain arm-none-eabi/11.2 2022.02/bin/../lib/gcc/arm-none-eabi/11.2.1/thumb/v7-m/nofp\libg.a(lib_a-exit.o) (__call_exitprocs)
e:/arm gnu toolchain arm-none-eabi/11.2 2022.02/bin/../lib/gcc/arm-none-eabi/11.2.1/thumb/v7-m/nofp\libg.a(lib_a-findfp.o)
                              e:/arm gnu toolchain arm-none-eabi/11.2 2022.02/bin/../lib/gcc/arm-none-eabi/11.2.1/thumb/v7-m/nofp\libg.a(lib_a-puts.o) (__sinit)
e:/arm gnu toolchain arm-none-eabi/11.2 2022.02/bin/../lib/gcc/arm-none-eabi/11.2.1/thumb/v7-m/nofp\libg.a(lib_a-fvwrite.o)
                              e:/arm gnu toolchain arm-none-eabi/11.2 2022.02/bin/../lib/gcc/arm-none-eabi/11.2.1/thumb/v7-m/nofp\libg.a(lib_a-puts.o) (__sfvwrite_r)
e:/arm gnu toolchain arm-none-eabi/11.2 2022.02/bin/../lib/gcc/arm-none-eabi/11.2.1/thumb/v7-m/nofp\libg.a(lib_a-fwalk.o)
                              e:/arm gnu toolchain arm-none-eabi/11.2 2022.02/bin/../lib/gcc/arm-none-eabi/11.2.1/thumb/v7-m/nofp\libg.a(lib_a-findfp.o) (_fwalk)
e:/arm gnu toolchain arm-none-eabi/11.2 2022.02/bin/../lib/gcc/arm-none-eabi/11.2.1/thumb/v7-m/nofp\libg.a(lib_a-mallocr.o)
                              e:/arm gnu toolchain arm-none-eabi/11.2 2022.02/bin/../lib/gcc/arm-none-eabi/11.2.1/thumb/v7-m/nofp\libg.a(lib_a-findfp.o) (_malloc_r)
e:/arm gnu toolchain arm-none-eabi/11.2 2022.02/bin/../lib/gcc/arm-none-eabi/11.2.1/thumb/v7-m/nofp\libg.a(lib_a-memchr-stub.o)
                              e:/arm gnu toolchain arm-none-eabi/11.2 2022.02/bin/../lib/gcc/arm-none-eabi/11.2.1/thumb/v7-m/nofp\libg.a(lib_a-fvwrite.o) (memchr)
e:/arm gnu toolchain arm-none-eabi/11.2 2022.02/bin/../lib/gcc/arm-none-eabi/11.2.1/thumb/v7-m/nofp\libg.a(lib_a-memcpy.o)
                              e:/arm gnu toolchain arm-none-eabi/11.2 2022.02/bin/../lib/gcc/arm-none-eabi/11.2.1/thumb/v7-m/nofp\libg.a(lib_a-fvwrite.o) (memcpy)
e:/arm gnu toolchain arm-none-eabi/11.2 2022.02/bin/../lib/gcc/arm-none-eabi/11.2.1/thumb/v7-m/nofp\libg.a(lib_a-memmove.o)
                              e:/arm gnu toolchain arm-none-eabi/11.2 2022.02/bin/../lib/gcc/arm-none-eabi/11.2.1/thumb/v7-m/nofp\libg.a(lib_a-fvwrite.o) (memmove)
e:/arm gnu toolchain arm-none-eabi/11.2 2022.02/bin/../lib/gcc/arm-none-eabi/11.2.1/thumb/v7-m/nofp\libg.a(lib_a-mlock.o)
                              e:/arm gnu toolchain arm-none-eabi/11.2 2022.02/bin/../lib/gcc/arm-none-eabi/11.2.1/thumb/v7-m/nofp\libg.a(lib_a-mallocr.o) (__malloc_lock)
e:/arm gnu toolchain arm-none-eabi/11.2 2022.02/bin/../lib/gcc/arm-none-eabi/11.2.1/thumb/v7-m/nofp\libg.a(lib_a-reallocr.o)
                              e:/arm gnu toolchain arm-none-eabi/11.2 2022.02/bin/../lib/gcc/arm-none-eabi/11.2.1/thumb/v7-m/nofp\libg.a(lib_a-fvwrite.o) (_realloc_r)
e:/arm gnu toolchain arm-none-eabi/11.2 2022.02/bin/../lib/gcc/arm-none-eabi/11.2.1/thumb/v7-m/nofp\libg.a(lib_a-sbrkr.o)
[...]
Memory Configuration

Name             Origin             Length             Attributes
RAM              0x20000000         0x00010000         xrw
FLASH            0x08000000         0x00080000         xr
*default*        0x00000000         0xffffffff

Linker script and memory map

LOAD e:/arm gnu toolchain arm-none-eabi/11.2 2022.02/bin/../lib/gcc/arm-none-eabi/11.2.1/thumb/v7-m/nofp/crti.o
LOAD e:/arm gnu toolchain arm-none-eabi/11.2 2022.02/bin/../lib/gcc/arm-none-eabi/11.2.1/thumb/v7-m/nofp/crtbegin.o
LOAD e:/arm gnu toolchain arm-none-eabi/11.2 2022.02/bin/../lib/gcc/arm-none-eabi/11.2.1/thumb/v7-m/nofp/crt0.o
LOAD CMakeFiles/f103ze_usart_stlink.elf.dir/Core/Src/dma.c.obj
LOAD CMakeFiles/f103ze_usart_stlink.elf.dir/Core/Src/gpio.c.obj
LOAD CMakeFiles/f103ze_usart_stlink.elf.dir/Core/Src/main.c.obj
LOAD CMakeFiles/f103ze_usart_stlink.elf.dir/Core/Src/stm32f1xx_hal_msp.c.obj
LOAD CMakeFiles/f103ze_usart_stlink.elf.dir/Core/Src/stm32f1xx_it.c.obj
LOAD CMakeFiles/f103ze_usart_stlink.elf.dir/Core/Src/syscalls.c.obj
LOAD CMakeFiles/f103ze_usart_stlink.elf.dir/Core/Src/system_stm32f1xx.c.obj
LOAD CMakeFiles/f103ze_usart_stlink.elf.dir/Core/Src/usart.c.obj
LOAD CMakeFiles/f103ze_usart_stlink.elf.dir/Drivers/STM32F1xx_HAL_Driver/Src/stm32f1xx_hal.c.obj
LOAD CMakeFiles/f103ze_usart_stlink.elf.dir/Drivers/STM32F1xx_HAL_Driver/Src/stm32f1xx_hal_cortex.c.obj
LOAD CMakeFiles/f103ze_usart_stlink.elf.dir/Drivers/STM32F1xx_HAL_Driver/Src/stm32f1xx_hal_dma.c.obj
LOAD CMakeFiles/f103ze_usart_stlink.elf.dir/Drivers/STM32F1xx_HAL_Driver/Src/stm32f1xx_hal_exti.c.obj
LOAD CMakeFiles/f103ze_usart_stlink.elf.dir/Drivers/STM32F1xx_HAL_Driver/Src/stm32f1xx_hal_flash.c.obj
LOAD CMakeFiles/f103ze_usart_stlink.elf.dir/Drivers/STM32F1xx_HAL_Driver/Src/stm32f1xx_hal_flash_ex.c.obj
LOAD CMakeFiles/f103ze_usart_stlink.elf.dir/Drivers/STM32F1xx_HAL_Driver/Src/stm32f1xx_hal_gpio.c.obj
LOAD CMakeFiles/f103ze_usart_stlink.elf.dir/Drivers/STM32F1xx_HAL_Driver/Src/stm32f1xx_hal_gpio_ex.c.obj
LOAD CMakeFiles/f103ze_usart_stlink.elf.dir/Drivers/STM32F1xx_HAL_Driver/Src/stm32f1xx_hal_pwr.c.obj
LOAD CMakeFiles/f103ze_usart_stlink.elf.dir/Drivers/STM32F1xx_HAL_Driver/Src/stm32f1xx_hal_rcc.c.obj
LOAD CMakeFiles/f103ze_usart_stlink.elf.dir/Drivers/STM32F1xx_HAL_Driver/Src/stm32f1xx_hal_rcc_ex.c.obj
LOAD CMakeFiles/f103ze_usart_stlink.elf.dir/Drivers/STM32F1xx_HAL_Driver/Src/stm32f1xx_hal_tim.c.obj
LOAD CMakeFiles/f103ze_usart_stlink.elf.dir/Drivers/STM32F1xx_HAL_Driver/Src/stm32f1xx_hal_tim_ex.c.obj
LOAD CMakeFiles/f103ze_usart_stlink.elf.dir/Drivers/STM32F1xx_HAL_Driver/Src/stm32f1xx_hal_uart.c.obj
LOAD CMakeFiles/f103ze_usart_stlink.elf.dir/startup/startup_stm32f103xe.s.obj
START GROUP
LOAD e:/arm gnu toolchain arm-none-eabi/11.2 2022.02/bin/../lib/gcc/arm-none-eabi/11.2.1/thumb/v7-m/nofp\libgcc.a
LOAD e:/arm gnu toolchain arm-none-eabi/11.2 2022.02/bin/../lib/gcc/arm-none-eabi/11.2.1/thumb/v7-m/nofp\libg.a
LOAD e:/arm gnu toolchain arm-none-eabi/11.2 2022.02/bin/../lib/gcc/arm-none-eabi/11.2.1/thumb/v7-m/nofp\libc.a
END GROUP
LOAD e:/arm gnu toolchain arm-none-eabi/11.2 2022.02/bin/../lib/gcc/arm-none-eabi/11.2.1/thumb/v7-m/nofp/crtend.o
LOAD e:/arm gnu toolchain arm-none-eabi/11.2 2022.02/bin/../lib/gcc/arm-none-eabi/11.2.1/thumb/v7-m/nofp/crtn.o
                0x20010000                _estack = (ORIGIN (RAM) + LENGTH (RAM))
                0x00000200                _Min_Heap_Size = 0x200
                0x00000400                _Min_Stack_Size = 0x400

.isr_vector     0x08000000      0x1e4
                0x08000000                . = ALIGN (0x4)
 *(.isr_vector)
 .isr_vector    0x08000000      0x1e4 CMakeFiles/f103ze_usart_stlink.elf.dir/startup/startup_stm32f103xe.s.obj
                0x08000000                g_pfnVectors
                0x080001e4                . = ALIGN (0x4)

.text           0x080001e4     0x3774
                0x080001e4                . = ALIGN (0x4)
 *(.text)
 .text          0x080001e4       0xec e:/arm gnu toolchain arm-none-eabi/11.2 2022.02/bin/../lib/gcc/arm-none-eabi/11.2.1/thumb/v7-m/nofp\libg.a(lib_a-memcpy.o)
                0x080001e4                memcpy
 *(.text*)
 .text.deregister_tm_clones
                0x080002d0       0x1c e:/arm gnu toolchain arm-none-eabi/11.2 2022.02/bin/../lib/gcc/arm-none-eabi/11.2.1/thumb/v7-m/nofp/crtbegin.o
 .text.register_tm_clones
                0x080002ec       0x24 e:/arm gnu toolchain arm-none-eabi/11.2 2022.02/bin/../lib/gcc/arm-none-eabi/11.2.1/thumb/v7-m/nofp/crtbegin.o
 .text.__do_global_dtors_aux
                0x08000310       0x28 e:/arm gnu toolchain arm-none-eabi/11.2 2022.02/bin/../lib/gcc/arm-none-eabi/11.2.1/thumb/v7-m/nofp/crtbegin.o
 .text.frame_dummy
                0x08000338       0x24 e:/arm gnu toolchain arm-none-eabi/11.2 2022.02/bin/../lib/gcc/arm-none-eabi/11.2.1/thumb/v7-m/nofp/crtbegin.o
 .text.MX_DMA_Init
                0x0800035c       0x44 CMakeFiles/f103ze_usart_stlink.elf.dir/Core/Src/dma.c.obj
                0x0800035c                MX_DMA_Init
 .text.MX_GPIO_Init
                0x080003a0       0xb4 CMakeFiles/f103ze_usart_stlink.elf.dir/Core/Src/gpio.c.obj
                0x080003a0                MX_GPIO_Init
 .text.Error_Handler
                0x08000454        0x4 CMakeFiles/f103ze_usart_stlink.elf.dir/Core/Src/main.c.obj
                0x08000454                Error_Handler
 .text.SystemClock_Config
                0x08000458       0x64 CMakeFiles/f103ze_usart_stlink.elf.dir/Core/Src/main.c.obj
                0x08000458                SystemClock_Config
 .text.main     0x080004bc       0xb0 CMakeFiles/f103ze_usart_stlink.elf.dir/Core/Src/main.c.obj
                0x080004bc                main
 .text.HAL_MspInit
                0x0800056c       0x44 CMakeFiles/f103ze_usart_stlink.elf.dir/Core/Src/stm32f1xx_hal_msp.c.obj
                0x0800056c                HAL_MspInit
 .text.NMI_Handler
                0x080005b0        0x2 CMakeFiles/f103ze_usart_stlink.elf.dir/Core/Src/stm32f1xx_it.c.obj
                0x080005b0                NMI_Handler
 .text.HardFault_Handler
                0x080005b2        0x2 CMakeFiles/f103ze_usart_stlink.elf.dir/Core/Src/stm32f1xx_it.c.obj
                0x080005b2                HardFault_Handler
 .text.MemManage_Handler
                0x080005b4        0x2 CMakeFiles/f103ze_usart_stlink.elf.dir/Core/Src/stm32f1xx_it.c.obj
                0x080005b4                MemManage_Handler
 .text.BusFault_Handler
                0x080005b6        0x2 CMakeFiles/f103ze_usart_stlink.elf.dir/Core/Src/stm32f1xx_it.c.obj
                0x080005b6                BusFault_Handler
 .text.UsageFault_Handler
                0x080005b8        0x2 CMakeFiles/f103ze_usart_stlink.elf.dir/Core/Src/stm32f1xx_it.c.obj
                0x080005b8                UsageFault_Handler
 .text.SVC_Handler
                0x080005ba        0x2 CMakeFiles/f103ze_usart_stlink.elf.dir/Core/Src/stm32f1xx_it.c.obj
                0x080005ba                SVC_Handler
 .text.DebugMon_Handler
                0x080005bc        0x2 CMakeFiles/f103ze_usart_stlink.elf.dir/Core/Src/stm32f1xx_it.c.obj
                0x080005bc                DebugMon_Handler
 .text.PendSV_Handler
                0x080005be        0x2 CMakeFiles/f103ze_usart_stlink.elf.dir/Core/Src/stm32f1xx_it.c.obj
                0x080005be                PendSV_Handler
 .text.SysTick_Handler
                0x080005c0        0x8 CMakeFiles/f103ze_usart_stlink.elf.dir/Core/Src/stm32f1xx_it.c.obj
                0x080005c0                SysTick_Handler
 .text.DMA1_Channel4_IRQHandler
                0x080005c8       0x10 CMakeFiles/f103ze_usart_stlink.elf.dir/Core/Src/stm32f1xx_it.c.obj
                0x080005c8                DMA1_Channel4_IRQHandler
 .text.DMA1_Channel5_IRQHandler
                0x080005d8       0x10 CMakeFiles/f103ze_usart_stlink.elf.dir/Core/Src/stm32f1xx_it.c.obj
                0x080005d8                DMA1_Channel5_IRQHandler
 .text.USART1_IRQHandler
                0x080005e8       0x34 CMakeFiles/f103ze_usart_stlink.elf.dir/Core/Src/stm32f1xx_it.c.obj
                0x080005e8                USART1_IRQHandler
 .text._read    0x0800061c       0x20 CMakeFiles/f103ze_usart_stlink.elf.dir/Core/Src/syscalls.c.obj
                0x0800061c                _read
 .text._write   0x0800063c       0x1c CMakeFiles/f103ze_usart_stlink.elf.dir/Core/Src/syscalls.c.obj
                0x0800063c                _write
 .text._sbrk    0x08000658       0x3c CMakeFiles/f103ze_usart_stlink.elf.dir/Core/Src/syscalls.c.obj
                0x08000658                _sbrk
 .text._close   0x08000694        0x6 CMakeFiles/f103ze_usart_stlink.elf.dir/Core/Src/syscalls.c.obj
                0x08000694                _close
 .text._fstat   0x0800069a        0xa CMakeFiles/f103ze_usart_stlink.elf.dir/Core/Src/syscalls.c.obj
                0x0800069a                _fstat
 .text._isatty  0x080006a4        0x4 CMakeFiles/f103ze_usart_stlink.elf.dir/Core/Src/syscalls.c.obj
                0x080006a4                _isatty
 .text._lseek   0x080006a8        0x4 CMakeFiles/f103ze_usart_stlink.elf.dir/Core/Src/syscalls.c.obj
                0x080006a8                _lseek
 .text.SystemInit
                0x080006ac        0x2 CMakeFiles/f103ze_usart_stlink.elf.dir/Core/Src/system_stm32f1xx.c.obj
                0x080006ac                SystemInit
 *fill*         0x080006ae        0x2 
 .text.MX_USART1_UART_Init
                0x080006b0       0x34 CMakeFiles/f103ze_usart_stlink.elf.dir/Core/Src/usart.c.obj
                0x080006b0                MX_USART1_UART_Init
 .text.HAL_UART_MspInit
                0x080006e4       0xf0 CMakeFiles/f103ze_usart_stlink.elf.dir/Core/Src/usart.c.obj
                0x080006e4                HAL_UART_MspInit
 .text.__io_putchar
                0x080007d4       0x20 CMakeFiles/f103ze_usart_stlink.elf.dir/Core/Src/usart.c.obj
                0x080007d4                __io_putchar
 .text.HAL_UART_TxCpltCallback
                0x080007f4       0x10 CMakeFiles/f103ze_usart_stlink.elf.dir/Core/Src/usart.c.obj
                0x080007f4                HAL_UART_TxCpltCallback
 .text.HAL_UART_RxCpltCallback
                0x08000804       0x10 CMakeFiles/f103ze_usart_stlink.elf.dir/Core/Src/usart.c.obj
                0x08000804                HAL_UART_RxCpltCallback
 .text.HAL_UART_IdleCpltCallback
                0x08000814       0x18 CMakeFiles/f103ze_usart_stlink.elf.dir/Core/Src/usart.c.obj
                0x08000814                HAL_UART_IdleCpltCallback
 .text.HAL_InitTick
                0x0800082c       0x4c CMakeFiles/f103ze_usart_stlink.elf.dir/Drivers/STM32F1xx_HAL_Driver/Src/stm32f1xx_hal.c.obj
                0x0800082c                HAL_InitTick
 .text.HAL_Init
                0x08000878       0x24 CMakeFiles/f103ze_usart_stlink.elf.dir/Drivers/STM32F1xx_HAL_Driver/Src/stm32f1xx_hal.c.obj
                0x08000878                HAL_Init
 .text.HAL_IncTick
                0x0800089c       0x18 CMakeFiles/f103ze_usart_stlink.elf.dir/Drivers/STM32F1xx_HAL_Driver/Src/stm32f1xx_hal.c.obj
                0x0800089c                HAL_IncTick
 .text.HAL_GetTick
                0x080008b4        0xc CMakeFiles/f103ze_usart_stlink.elf.dir/Drivers/STM32F1xx_HAL_Driver/Src/stm32f1xx_hal.c.obj
                0x080008b4                HAL_GetTick
 .text.HAL_Delay
                0x080008c0       0x28 CMakeFiles/f103ze_usart_stlink.elf.dir/Drivers/STM32F1xx_HAL_Driver/Src/stm32f1xx_hal.c.obj
                0x080008c0                HAL_Delay
 .text.HAL_NVIC_SetPriorityGrouping
                0x080008e8       0x24 CMakeFiles/f103ze_usart_stlink.elf.dir/Drivers/STM32F1xx_HAL_Driver/Src/stm32f1xx_hal_cortex.c.obj
                0x080008e8                HAL_NVIC_SetPriorityGrouping
 .text.HAL_NVIC_SetPriority
                0x0800090c       0x70 CMakeFiles/f103ze_usart_stlink.elf.dir/Drivers/STM32F1xx_HAL_Driver/Src/stm32f1xx_hal_cortex.c.obj
                0x0800090c                HAL_NVIC_SetPriority
 .text.HAL_NVIC_EnableIRQ
                0x0800097c       0x1c CMakeFiles/f103ze_usart_stlink.elf.dir/Drivers/STM32F1xx_HAL_Driver/Src/stm32f1xx_hal_cortex.c.obj
                0x0800097c                HAL_NVIC_EnableIRQ
 .text.HAL_SYSTICK_Config
                0x08000998       0x28 CMakeFiles/f103ze_usart_stlink.elf.dir/Drivers/STM32F1xx_HAL_Driver/Src/stm32f1xx_hal_cortex.c.obj
                0x08000998                HAL_SYSTICK_Config
 .text.DMA_SetConfig
                0x080009c0       0x2c CMakeFiles/f103ze_usart_stlink.elf.dir/Drivers/STM32F1xx_HAL_Driver/Src/stm32f1xx_hal_dma.c.obj
 .text.HAL_DMA_Init
                0x080009ec       0x98 CMakeFiles/f103ze_usart_stlink.elf.dir/Drivers/STM32F1xx_HAL_Driver/Src/stm32f1xx_hal_dma.c.obj
                0x080009ec                HAL_DMA_Init
 .text.HAL_DMA_Start_IT
                0x08000a84       0x74 CMakeFiles/f103ze_usart_stlink.elf.dir/Drivers/STM32F1xx_HAL_Driver/Src/stm32f1xx_hal_dma.c.obj
                0x08000a84                HAL_DMA_Start_IT
 .text.HAL_DMA_Abort
                0x08000af8       0x44 CMakeFiles/f103ze_usart_stlink.elf.dir/Drivers/STM32F1xx_HAL_Driver/Src/stm32f1xx_hal_dma.c.obj
                0x08000af8                HAL_DMA_Abort
 .text.HAL_DMA_Abort_IT
                0x08000b3c      0x168 CMakeFiles/f103ze_usart_stlink.elf.dir/Drivers/STM32F1xx_HAL_Driver/Src/stm32f1xx_hal_dma.c.obj
                0x08000b3c                HAL_DMA_Abort_IT
 .text.HAL_DMA_IRQHandler
                0x08000ca4      0x2ec CMakeFiles/f103ze_usart_stlink.elf.dir/Drivers/STM32F1xx_HAL_Driver/Src/stm32f1xx_hal_dma.c.obj
                0x08000ca4                HAL_DMA_IRQHandler
 .text.HAL_GPIO_Init
                0x08000f90      0x240 CMakeFiles/f103ze_usart_stlink.elf.dir/Drivers/STM32F1xx_HAL_Driver/Src/stm32f1xx_hal_gpio.c.obj
                0x08000f90                HAL_GPIO_Init
 .text.HAL_GPIO_WritePin
                0x080011d0        0xc CMakeFiles/f103ze_usart_stlink.elf.dir/Drivers/STM32F1xx_HAL_Driver/Src/stm32f1xx_hal_gpio.c.obj
                0x080011d0                HAL_GPIO_WritePin
 .text.RCC_Delay
                0x080011dc       0x2c CMakeFiles/f103ze_usart_stlink.elf.dir/Drivers/STM32F1xx_HAL_Driver/Src/stm32f1xx_hal_rcc.c.obj
 .text.HAL_RCC_OscConfig
                0x08001208      0x410 CMakeFiles/f103ze_usart_stlink.elf.dir/Drivers/STM32F1xx_HAL_Driver/Src/stm32f1xx_hal_rcc.c.obj
                0x08001208                HAL_RCC_OscConfig
 .text.HAL_RCC_GetSysClockFreq
                0x08001618       0x70 CMakeFiles/f103ze_usart_stlink.elf.dir/Drivers/STM32F1xx_HAL_Driver/Src/stm32f1xx_hal_rcc.c.obj
                0x08001618                HAL_RCC_GetSysClockFreq
 .text.HAL_RCC_ClockConfig
                0x08001688      0x16c CMakeFiles/f103ze_usart_stlink.elf.dir/Drivers/STM32F1xx_HAL_Driver/Src/stm32f1xx_hal_rcc.c.obj
                0x08001688                HAL_RCC_ClockConfig
 .text.HAL_RCC_GetHCLKFreq
                0x080017f4        0xc CMakeFiles/f103ze_usart_stlink.elf.dir/Drivers/STM32F1xx_HAL_Driver/Src/stm32f1xx_hal_rcc.c.obj
                0x080017f4                HAL_RCC_GetHCLKFreq
 .text.HAL_RCC_GetPCLK1Freq
                0x08001800       0x20 CMakeFiles/f103ze_usart_stlink.elf.dir/Drivers/STM32F1xx_HAL_Driver/Src/stm32f1xx_hal_rcc.c.obj
                0x08001800                HAL_RCC_GetPCLK1Freq
 .text.HAL_RCC_GetPCLK2Freq
                0x08001820       0x20 CMakeFiles/f103ze_usart_stlink.elf.dir/Drivers/STM32F1xx_HAL_Driver/Src/stm32f1xx_hal_rcc.c.obj
                0x08001820                HAL_RCC_GetPCLK2Freq
 .text.UART_EndTxTransfer
                0x08001840       0x12 CMakeFiles/f103ze_usart_stlink.elf.dir/Drivers/STM32F1xx_HAL_Driver/Src/stm32f1xx_hal_uart.c.obj
 .text.UART_EndRxTransfer
                0x08001852       0x32 CMakeFiles/f103ze_usart_stlink.elf.dir/Drivers/STM32F1xx_HAL_Driver/Src/stm32f1xx_hal_uart.c.obj
 .text.UART_Transmit_IT
                0x08001884       0x60 CMakeFiles/f103ze_usart_stlink.elf.dir/Drivers/STM32F1xx_HAL_Driver/Src/stm32f1xx_hal_uart.c.obj
 .text.UART_SetConfig
                0x080018e4       0x94 CMakeFiles/f103ze_usart_stlink.elf.dir/Drivers/STM32F1xx_HAL_Driver/Src/stm32f1xx_hal_uart.c.obj
 .text.UART_WaitOnFlagUntilTimeout
                0x08001978       0x68 CMakeFiles/f103ze_usart_stlink.elf.dir/Drivers/STM32F1xx_HAL_Driver/Src/stm32f1xx_hal_uart.c.obj
 .text.HAL_UART_Init
                0x080019e0       0x5e CMakeFiles/f103ze_usart_stlink.elf.dir/Drivers/STM32F1xx_HAL_Driver/Src/stm32f1xx_hal_uart.c.obj
                0x080019e0                HAL_UART_Init
 .text.HAL_UART_Transmit
                0x08001a3e       0xd8 CMakeFiles/f103ze_usart_stlink.elf.dir/Drivers/STM32F1xx_HAL_Driver/Src/stm32f1xx_hal_uart.c.obj
                0x08001a3e                HAL_UART_Transmit
 *fill*         0x08001b16        0x2 
 .text.HAL_UART_Transmit_DMA
                0x08001b18       0x8c CMakeFiles/f103ze_usart_stlink.elf.dir/Drivers/STM32F1xx_HAL_Driver/Src/stm32f1xx_hal_uart.c.obj
                0x08001b18                HAL_UART_Transmit_DMA
 .text.UART_DMATransmitCplt
                0x08001ba4       0x30 CMakeFiles/f103ze_usart_stlink.elf.dir/Drivers/STM32F1xx_HAL_Driver/Src/stm32f1xx_hal_uart.c.obj
 .text.UART_EndTransmit_IT
                0x08001bd4       0x1a CMakeFiles/f103ze_usart_stlink.elf.dir/Drivers/STM32F1xx_HAL_Driver/Src/stm32f1xx_hal_uart.c.obj
 .text.HAL_UART_TxHalfCpltCallback
                0x08001bee        0x2 CMakeFiles/f103ze_usart_stlink.elf.dir/Drivers/STM32F1xx_HAL_Driver/Src/stm32f1xx_hal_uart.c.obj
                0x08001bee                HAL_UART_TxHalfCpltCallback
 .text.UART_DMATxHalfCplt
                0x08001bf0        0xa CMakeFiles/f103ze_usart_stlink.elf.dir/Drivers/STM32F1xx_HAL_Driver/Src/stm32f1xx_hal_uart.c.obj
 .text.HAL_UART_RxHalfCpltCallback
                0x08001bfa        0x2 CMakeFiles/f103ze_usart_stlink.elf.dir/Drivers/STM32F1xx_HAL_Driver/Src/stm32f1xx_hal_uart.c.obj
                0x08001bfa                HAL_UART_RxHalfCpltCallback
 .text.HAL_UART_ErrorCallback
                0x08001bfc        0x2 CMakeFiles/f103ze_usart_stlink.elf.dir/Drivers/STM32F1xx_HAL_Driver/Src/stm32f1xx_hal_uart.c.obj
                0x08001bfc                HAL_UART_ErrorCallback
 .text.UART_DMAError
                0x08001bfe       0x58 CMakeFiles/f103ze_usart_stlink.elf.dir/Drivers/STM32F1xx_HAL_Driver/Src/stm32f1xx_hal_uart.c.obj
 .text.UART_DMAAbortOnError
                0x08001c56       0x10 CMakeFiles/f103ze_usart_stlink.elf.dir/Drivers/STM32F1xx_HAL_Driver/Src/stm32f1xx_hal_uart.c.obj
 .text.HAL_UARTEx_RxEventCallback
                0x08001c66        0x2 CMakeFiles/f103ze_usart_stlink.elf.dir/Drivers/STM32F1xx_HAL_Driver/Src/stm32f1xx_hal_uart.c.obj
                0x08001c66                HAL_UARTEx_RxEventCallback
 .text.UART_Receive_IT
                0x08001c68       0xd4 CMakeFiles/f103ze_usart_stlink.elf.dir/Drivers/STM32F1xx_HAL_Driver/Src/stm32f1xx_hal_uart.c.obj
 .text.HAL_UART_IRQHandler
                0x08001d3c      0x204 CMakeFiles/f103ze_usart_stlink.elf.dir/Drivers/STM32F1xx_HAL_Driver/Src/stm32f1xx_hal_uart.c.obj
                0x08001d3c                HAL_UART_IRQHandler
 .text.UART_DMARxHalfCplt
                0x08001f40       0x1a CMakeFiles/f103ze_usart_stlink.elf.dir/Drivers/STM32F1xx_HAL_Driver/Src/stm32f1xx_hal_uart.c.obj
 .text.UART_DMAReceiveCplt
                0x08001f5a       0x5e CMakeFiles/f103ze_usart_stlink.elf.dir/Drivers/STM32F1xx_HAL_Driver/Src/stm32f1xx_hal_uart.c.obj
 .text.UART_Start_Receive_DMA
                0x08001fb8       0x78 CMakeFiles/f103ze_usart_stlink.elf.dir/Drivers/STM32F1xx_HAL_Driver/Src/stm32f1xx_hal_uart.c.obj
                0x08001fb8                UART_Start_Receive_DMA
 .text.HAL_UART_Receive_DMA
                0x08002030       0x38 CMakeFiles/f103ze_usart_stlink.elf.dir/Drivers/STM32F1xx_HAL_Driver/Src/stm32f1xx_hal_uart.c.obj
                0x08002030                HAL_UART_Receive_DMA
 .text.Reset_Handler
                0x08002068       0x48 CMakeFiles/f103ze_usart_stlink.elf.dir/startup/startup_stm32f103xe.s.obj
                0x08002068                Reset_Handler
 .text.Default_Handler
                0x080020b0        0x2 CMakeFiles/f103ze_usart_stlink.elf.dir/startup/startup_stm32f103xe.s.obj
                0x080020b0                RTC_Alarm_IRQHandler
                0x080020b0                EXTI2_IRQHandler
                0x080020b0                TIM8_TRG_COM_IRQHandler
                0x080020b0                TIM8_CC_IRQHandler
                0x080020b0                TIM1_CC_IRQHandler
                0x080020b0                TIM6_IRQHandler
                0x080020b0                PVD_IRQHandler
                0x080020b0                SDIO_IRQHandler
                0x080020b0                EXTI3_IRQHandler
                0x080020b0                EXTI0_IRQHandler
                0x080020b0                I2C2_EV_IRQHandler
                0x080020b0                ADC1_2_IRQHandler
                0x080020b0                SPI1_IRQHandler
                0x080020b0                TAMPER_IRQHandler
                0x080020b0                TIM8_UP_IRQHandler
                0x080020b0                DMA2_Channel2_IRQHandler
                0x080020b0                USART3_IRQHandler
                0x080020b0                RTC_IRQHandler
                0x080020b0                DMA1_Channel7_IRQHandler
                0x080020b0                CAN1_RX1_IRQHandler
                0x080020b0                UART5_IRQHandler
                0x080020b0                ADC3_IRQHandler
                0x080020b0                TIM4_IRQHandler
                0x080020b0                DMA2_Channel1_IRQHandler
                0x080020b0                I2C1_EV_IRQHandler
                0x080020b0                DMA1_Channel6_IRQHandler
                0x080020b0                UART4_IRQHandler
                0x080020b0                TIM3_IRQHandler
                0x080020b0                RCC_IRQHandler
                0x080020b0                TIM1_TRG_COM_IRQHandler
                0x080020b0                DMA1_Channel1_IRQHandler
                0x080020b0                Default_Handler
                0x080020b0                EXTI15_10_IRQHandler
                0x080020b0                TIM7_IRQHandler
                0x080020b0                TIM5_IRQHandler
                0x080020b0                EXTI9_5_IRQHandler
                0x080020b0                SPI2_IRQHandler
                0x080020b0                EXTI4_IRQHandler
                0x080020b0                USB_LP_CAN1_RX0_IRQHandler
                0x080020b0                USB_HP_CAN1_TX_IRQHandler
                0x080020b0                DMA1_Channel3_IRQHandler
                0x080020b0                FSMC_IRQHandler
                0x080020b0                TIM1_UP_IRQHandler
                0x080020b0                WWDG_IRQHandler
                0x080020b0                TIM2_IRQHandler
                0x080020b0                TIM1_BRK_IRQHandler
                0x080020b0                EXTI1_IRQHandler
                0x080020b0                DMA2_Channel4_5_IRQHandler
                0x080020b0                USART2_IRQHandler
                0x080020b0                I2C2_ER_IRQHandler
                0x080020b0                DMA1_Channel2_IRQHandler
                0x080020b0                TIM8_BRK_IRQHandler
                0x080020b0                CAN1_SCE_IRQHandler
                0x080020b0                FLASH_IRQHandler
                0x080020b0                SPI3_IRQHandler
                0x080020b0                I2C1_ER_IRQHandler
                0x080020b0                USBWakeUp_IRQHandler
                0x080020b0                DMA2_Channel3_IRQHandler
 *fill*         0x080020b2        0x2 
 .text.__errno  0x080020b4        0xc e:/arm gnu toolchain arm-none-eabi/11.2 2022.02/bin/../lib/gcc/arm-none-eabi/11.2.1/thumb/v7-m/nofp\libg.a(lib_a-errno.o)
                0x080020b4                __errno
 .text.__libc_init_array
                0x080020c0       0x48 e:/arm gnu toolchain arm-none-eabi/11.2 2022.02/bin/../lib/gcc/arm-none-eabi/11.2.1/thumb/v7-m/nofp\libg.a(lib_a-init.o)
                0x080020c0                __libc_init_array
 .text.memset   0x08002108       0xa4 e:/arm gnu toolchain arm-none-eabi/11.2 2022.02/bin/../lib/gcc/arm-none-eabi/11.2.1/thumb/v7-m/nofp\libg.a(lib_a-memset.o)
                0x08002108                memset
 .text._puts_r  0x080021ac       0x68 e:/arm gnu toolchain arm-none-eabi/11.2 2022.02/bin/../lib/gcc/arm-none-eabi/11.2.1/thumb/v7-m/nofp\libg.a(lib_a-puts.o)
                0x080021ac                _puts_r
 .text.puts     0x08002214       0x10 e:/arm gnu toolchain arm-none-eabi/11.2 2022.02/bin/../lib/gcc/arm-none-eabi/11.2.1/thumb/v7-m/nofp\libg.a(lib_a-puts.o)
                0x08002214                puts
 .text.strlen   0x08002224       0x5c e:/arm gnu toolchain arm-none-eabi/11.2 2022.02/bin/../lib/gcc/arm-none-eabi/11.2.1/thumb/v7-m/nofp\libg.a(lib_a-strlen-stub.o)
                0x08002224                strlen
 .text._cleanup_r
                0x08002280        0xc e:/arm gnu toolchain arm-none-eabi/11.2 2022.02/bin/../lib/gcc/arm-none-eabi/11.2.1/thumb/v7-m/nofp\libg.a(lib_a-findfp.o)
                0x08002280                _cleanup_r
 .text.__sinit.part.0
                0x0800228c       0xd4 e:/arm gnu toolchain arm-none-eabi/11.2 2022.02/bin/../lib/gcc/arm-none-eabi/11.2.1/thumb/v7-m/nofp\libg.a(lib_a-findfp.o)
 .text.__sinit  0x08002360        0xc e:/arm gnu toolchain arm-none-eabi/11.2 2022.02/bin/../lib/gcc/arm-none-eabi/11.2.1/thumb/v7-m/nofp\libg.a(lib_a-findfp.o)
                0x08002360                __sinit
 .text.__sfp_lock_acquire
                0x0800236c        0x4 e:/arm gnu toolchain arm-none-eabi/11.2 2022.02/bin/../lib/gcc/arm-none-eabi/11.2.1/thumb/v7-m/nofp\libg.a(lib_a-findfp.o)
                0x0800236c                __sfp_lock_acquire
 .text.__sfp_lock_release
                0x08002370        0x4 e:/arm gnu toolchain arm-none-eabi/11.2 2022.02/bin/../lib/gcc/arm-none-eabi/11.2.1/thumb/v7-m/nofp\libg.a(lib_a-findfp.o)
                0x08002370                __sfp_lock_release
 .text.__sfvwrite_r
                0x08002374      0x2e8 e:/arm gnu toolchain arm-none-eabi/11.2 2022.02/bin/../lib/gcc/arm-none-eabi/11.2.1/thumb/v7-m/nofp\libg.a(lib_a-fvwrite.o)
                0x08002374                __sfvwrite_r
 .text._fwalk_reent
                0x0800265c       0x48 e:/arm gnu toolchain arm-none-eabi/11.2 2022.02/bin/../lib/gcc/arm-none-eabi/11.2.1/thumb/v7-m/nofp\libg.a(lib_a-fwalk.o)
                0x0800265c                _fwalk_reent
 .text._malloc_r
                0x080026a4      0x558 e:/arm gnu toolchain arm-none-eabi/11.2 2022.02/bin/../lib/gcc/arm-none-eabi/11.2.1/thumb/v7-m/nofp\libg.a(lib_a-mallocr.o)
                0x080026a4                _malloc_r
 .text.memchr   0x08002bfc       0x94 e:/arm gnu toolchain arm-none-eabi/11.2 2022.02/bin/../lib/gcc/arm-none-eabi/11.2.1/thumb/v7-m/nofp\libg.a(lib_a-memchr-stub.o)
                0x08002bfc                memchr
 .text.memmove  0x08002c90       0xf8 e:/arm gnu toolchain arm-none-eabi/11.2 2022.02/bin/../lib/gcc/arm-none-eabi/11.2.1/thumb/v7-m/nofp\libg.a(lib_a-memmove.o)
                0x08002c90                memmove
 .text.__malloc_lock
                0x08002d88        0x4 e:/arm gnu toolchain arm-none-eabi/11.2 2022.02/bin/../lib/gcc/arm-none-eabi/11.2.1/thumb/v7-m/nofp\libg.a(lib_a-mlock.o)
                0x08002d88                __malloc_lock
 .text.__malloc_unlock
                0x08002d8c        0x4 e:/arm gnu toolchain arm-none-eabi/11.2 2022.02/bin/../lib/gcc/arm-none-eabi/11.2.1/thumb/v7-m/nofp\libg.a(lib_a-mlock.o)
                0x08002d8c                __malloc_unlock
 .text._realloc_r
                0x08002d90      0x3e0 e:/arm gnu toolchain arm-none-eabi/11.2 2022.02/bin/../lib/gcc/arm-none-eabi/11.2.1/thumb/v7-m/nofp\libg.a(lib_a-reallocr.o)
                0x08002d90                _realloc_r
 .text._sbrk_r  0x08003170       0x24 e:/arm gnu toolchain arm-none-eabi/11.2 2022.02/bin/../lib/gcc/arm-none-eabi/11.2.1/thumb/v7-m/nofp\libg.a(lib_a-sbrkr.o)
                0x08003170                _sbrk_r
 .text.__sread  0x08003194       0x24 e:/arm gnu toolchain arm-none-eabi/11.2 2022.02/bin/../lib/gcc/arm-none-eabi/11.2.1/thumb/v7-m/nofp\libg.a(lib_a-stdio.o)
                0x08003194                __sread
 .text.__swrite
                0x080031b8       0x40 e:/arm gnu toolchain arm-none-eabi/11.2 2022.02/bin/../lib/gcc/arm-none-eabi/11.2.1/thumb/v7-m/nofp\libg.a(lib_a-stdio.o)
                0x080031b8                __swrite
 .text.__sseek  0x080031f8       0x20 e:/arm gnu toolchain arm-none-eabi/11.2 2022.02/bin/../lib/gcc/arm-none-eabi/11.2.1/thumb/v7-m/nofp\libg.a(lib_a-stdio.o)
                0x080031f8                __sseek
 .text.__sclose
                0x08003218        0x8 e:/arm gnu toolchain arm-none-eabi/11.2 2022.02/bin/../lib/gcc/arm-none-eabi/11.2.1/thumb/v7-m/nofp\libg.a(lib_a-stdio.o)
                0x08003218                __sclose
 .text._write_r
                0x08003220       0x2c e:/arm gnu toolchain arm-none-eabi/11.2 2022.02/bin/../lib/gcc/arm-none-eabi/11.2.1/thumb/v7-m/nofp\libg.a(lib_a-writer.o)
                0x08003220                _write_r
 .text.__swsetup_r
                0x0800324c       0xd4 e:/arm gnu toolchain arm-none-eabi/11.2 2022.02/bin/../lib/gcc/arm-none-eabi/11.2.1/thumb/v7-m/nofp\libg.a(lib_a-wsetup.o)
                0x0800324c                __swsetup_r
 .text._close_r
                0x08003320       0x24 e:/arm gnu toolchain arm-none-eabi/11.2 2022.02/bin/../lib/gcc/arm-none-eabi/11.2.1/thumb/v7-m/nofp\libg.a(lib_a-closer.o)
                0x08003320                _close_r
 .text._fclose_r
                0x08003344       0x88 e:/arm gnu toolchain arm-none-eabi/11.2 2022.02/bin/../lib/gcc/arm-none-eabi/11.2.1/thumb/v7-m/nofp\libg.a(lib_a-fclose.o)
                0x08003344                _fclose_r
 .text.__sflush_r
                0x080033cc      0x124 e:/arm gnu toolchain arm-none-eabi/11.2 2022.02/bin/../lib/gcc/arm-none-eabi/11.2.1/thumb/v7-m/nofp\libg.a(lib_a-fflush.o)
                0x080033cc                __sflush_r
 .text._fflush_r
                0x080034f0       0x2c e:/arm gnu toolchain arm-none-eabi/11.2 2022.02/bin/../lib/gcc/arm-none-eabi/11.2.1/thumb/v7-m/nofp\libg.a(lib_a-fflush.o)
                0x080034f0                _fflush_r
 .text._malloc_trim_r
                0x0800351c       0xa0 e:/arm gnu toolchain arm-none-eabi/11.2 2022.02/bin/../lib/gcc/arm-none-eabi/11.2.1/thumb/v7-m/nofp\libg.a(lib_a-freer.o)
                0x0800351c                _malloc_trim_r
 .text._free_r  0x080035bc      0x200 e:/arm gnu toolchain arm-none-eabi/11.2 2022.02/bin/../lib/gcc/arm-none-eabi/11.2.1/thumb/v7-m/nofp\libg.a(lib_a-freer.o)
                0x080035bc                _free_r
 .text._lseek_r
                0x080037bc       0x2c e:/arm gnu toolchain arm-none-eabi/11.2 2022.02/bin/../lib/gcc/arm-none-eabi/11.2.1/thumb/v7-m/nofp\libg.a(lib_a-lseekr.o)
                0x080037bc                _lseek_r
 .text.__smakebuf_r
                0x080037e8       0xe0 e:/arm gnu toolchain arm-none-eabi/11.2 2022.02/bin/../lib/gcc/arm-none-eabi/11.2.1/thumb/v7-m/nofp\libg.a(lib_a-makebuf.o)
                0x080037e8                __smakebuf_r
 .text._read_r  0x080038c8       0x2c e:/arm gnu toolchain arm-none-eabi/11.2 2022.02/bin/../lib/gcc/arm-none-eabi/11.2.1/thumb/v7-m/nofp\libg.a(lib_a-readr.o)
                0x080038c8                _read_r
 .text._fstat_r
                0x080038f4       0x28 e:/arm gnu toolchain arm-none-eabi/11.2 2022.02/bin/../lib/gcc/arm-none-eabi/11.2.1/thumb/v7-m/nofp\libg.a(lib_a-fstatr.o)
                0x080038f4                _fstat_r
 .text._isatty_r
                0x0800391c       0x24 e:/arm gnu toolchain arm-none-eabi/11.2 2022.02/bin/../lib/gcc/arm-none-eabi/11.2.1/thumb/v7-m/nofp\libg.a(lib_a-isattyr.o)
                0x0800391c                _isatty_r
 *(.glue_7)
 .glue_7        0x08003940        0x0 linker stubs
 *(.glue_7t)
 .glue_7t       0x08003940        0x0 linker stubs
 *(.eh_frame)
 .eh_frame      0x08003940        0x0 e:/arm gnu toolchain arm-none-eabi/11.2 2022.02/bin/../lib/gcc/arm-none-eabi/11.2.1/thumb/v7-m/nofp/crtbegin.o
 *(.init)
 .init          0x08003940        0x4 e:/arm gnu toolchain arm-none-eabi/11.2 2022.02/bin/../lib/gcc/arm-none-eabi/11.2.1/thumb/v7-m/nofp/crti.o
                0x08003940                _init
 .init          0x08003944        0x8 e:/arm gnu toolchain arm-none-eabi/11.2 2022.02/bin/../lib/gcc/arm-none-eabi/11.2.1/thumb/v7-m/nofp/crtn.o
 *(.fini)
 .fini          0x0800394c        0x4 e:/arm gnu toolchain arm-none-eabi/11.2 2022.02/bin/../lib/gcc/arm-none-eabi/11.2.1/thumb/v7-m/nofp/crti.o
                0x0800394c                _fini
 .fini          0x08003950        0x8 e:/arm gnu toolchain arm-none-eabi/11.2 2022.02/bin/../lib/gcc/arm-none-eabi/11.2.1/thumb/v7-m/nofp/crtn.o
                0x08003958                . = ALIGN (0x4)
                0x08003958                _etext = .

.vfp11_veneer   0x08003958        0x0
 .vfp11_veneer  0x08003958        0x0 linker stubs

.v4_bx          0x08003958        0x0
 .v4_bx         0x08003958        0x0 linker stubs

.iplt           0x08003958        0x0
 .iplt          0x08003958        0x0 e:/arm gnu toolchain arm-none-eabi/11.2 2022.02/bin/../lib/gcc/arm-none-eabi/11.2.1/thumb/v7-m/nofp/crtbegin.o

.rodata         0x08003958       0xb4
                0x08003958                . = ALIGN (0x4)
 *(.rodata)
 *(.rodata*)
 .rodata.main.str1.4
                0x08003958       0x35 CMakeFiles/f103ze_usart_stlink.elf.dir/Core/Src/main.c.obj
 *fill*         0x0800398d        0x3 
 .rodata.AHBPrescTable
                0x08003990       0x10 CMakeFiles/f103ze_usart_stlink.elf.dir/Core/Src/system_stm32f1xx.c.obj
                0x08003990                AHBPrescTable
 .rodata.APBPrescTable
                0x080039a0        0x8 CMakeFiles/f103ze_usart_stlink.elf.dir/Core/Src/system_stm32f1xx.c.obj
                0x080039a0                APBPrescTable
 .rodata.HAL_UART_TxCpltCallback.str1.4
                0x080039a8       0x1a CMakeFiles/f103ze_usart_stlink.elf.dir/Core/Src/usart.c.obj
 *fill*         0x080039c2        0x2 
 .rodata.HAL_UART_RxCpltCallback.str1.4
                0x080039c4       0x1a CMakeFiles/f103ze_usart_stlink.elf.dir/Core/Src/usart.c.obj
 *fill*         0x080039de        0x2 
 .rodata.HAL_UART_IdleCpltCallback.str1.4
                0x080039e0       0x13 CMakeFiles/f103ze_usart_stlink.elf.dir/Core/Src/usart.c.obj
 *fill*         0x080039f3        0x1 
 .rodata.HAL_RCC_GetSysClockFreq.str1.4
                0x080039f4       0x11 CMakeFiles/f103ze_usart_stlink.elf.dir/Drivers/STM32F1xx_HAL_Driver/Src/stm32f1xx_hal_rcc.c.obj
 *fill*         0x08003a05        0x3 
 .rodata._puts_r.str1.4
                0x08003a08        0x2 e:/arm gnu toolchain arm-none-eabi/11.2 2022.02/bin/../lib/gcc/arm-none-eabi/11.2.1/thumb/v7-m/nofp\libg.a(lib_a-puts.o)
                0x08003a0c                . = ALIGN (0x4)
 *fill*         0x08003a0a        0x2 

.rel.dyn        0x08003a0c        0x0
 .rel.iplt      0x08003a0c        0x0 e:/arm gnu toolchain arm-none-eabi/11.2 2022.02/bin/../lib/gcc/arm-none-eabi/11.2.1/thumb/v7-m/nofp/crtbegin.o

.ARM.extab
 *(.ARM.extab* .gnu.linkonce.armextab.*)

.ARM            0x08003a0c        0x0
                0x08003a0c                __exidx_start = .
 *(.ARM.exidx*)
                0x08003a0c                __exidx_end = .

.preinit_array  0x08003a0c        0x0
                0x08003a0c                PROVIDE (__preinit_array_start = .)
 *(.preinit_array*)
                0x08003a0c                PROVIDE (__preinit_array_end = .)

.init_array     0x08003a0c        0x4
                0x08003a0c                PROVIDE (__init_array_start = .)
 *(SORT_BY_NAME(.init_array.*))
 *(.init_array*)
 .init_array    0x08003a0c        0x4 e:/arm gnu toolchain arm-none-eabi/11.2 2022.02/bin/../lib/gcc/arm-none-eabi/11.2.1/thumb/v7-m/nofp/crtbegin.o
                0x08003a10                PROVIDE (__init_array_end = .)

.fini_array     0x08003a10        0x4
                [!provide]                PROVIDE (__fini_array_start = .)
 *(SORT_BY_NAME(.fini_array.*))
 *(.fini_array*)
 .fini_array    0x08003a10        0x4 e:/arm gnu toolchain arm-none-eabi/11.2 2022.02/bin/../lib/gcc/arm-none-eabi/11.2.1/thumb/v7-m/nofp/crtbegin.o
                [!provide]                PROVIDE (__fini_array_end = .)
                0x08003a14                _sidata = LOADADDR (.data)

.data           0x20000000      0x848 load address 0x08003a14
                0x20000000                . = ALIGN (0x4)
                0x20000000                _sdata = .
 *(.data)
 *(.data*)
 .data.SystemCoreClock
                0x20000000        0x4 CMakeFiles/f103ze_usart_stlink.elf.dir/Core/Src/system_stm32f1xx.c.obj
                0x20000000                SystemCoreClock
 .data.uwTickFreq
                0x20000004        0x1 CMakeFiles/f103ze_usart_stlink.elf.dir/Drivers/STM32F1xx_HAL_Driver/Src/stm32f1xx_hal.c.obj
                0x20000004                uwTickFreq
 *fill*         0x20000005        0x3 
 .data.uwTickPrio
                0x20000008        0x4 CMakeFiles/f103ze_usart_stlink.elf.dir/Drivers/STM32F1xx_HAL_Driver/Src/stm32f1xx_hal.c.obj
                0x20000008                uwTickPrio
 .data._impure_ptr
                0x2000000c        0x4 e:/arm gnu toolchain arm-none-eabi/11.2 2022.02/bin/../lib/gcc/arm-none-eabi/11.2.1/thumb/v7-m/nofp\libg.a(lib_a-impure.o)
                0x2000000c                _impure_ptr
 .data.impure_data
                0x20000010      0x428 e:/arm gnu toolchain arm-none-eabi/11.2 2022.02/bin/../lib/gcc/arm-none-eabi/11.2.1/thumb/v7-m/nofp\libg.a(lib_a-impure.o)
 .data.__malloc_av_
                0x20000438      0x408 e:/arm gnu toolchain arm-none-eabi/11.2 2022.02/bin/../lib/gcc/arm-none-eabi/11.2.1/thumb/v7-m/nofp\libg.a(lib_a-mallocr.o)
                0x20000438                __malloc_av_
 .data.__malloc_sbrk_base
                0x20000840        0x4 e:/arm gnu toolchain arm-none-eabi/11.2 2022.02/bin/../lib/gcc/arm-none-eabi/11.2.1/thumb/v7-m/nofp\libg.a(lib_a-mallocr.o)
                0x20000840                __malloc_sbrk_base
 .data.__malloc_trim_threshold
                0x20000844        0x4 e:/arm gnu toolchain arm-none-eabi/11.2 2022.02/bin/../lib/gcc/arm-none-eabi/11.2.1/thumb/v7-m/nofp\libg.a(lib_a-mallocr.o)
                0x20000844                __malloc_trim_threshold
                0x20000848                . = ALIGN (0x4)
                0x20000848                _edata = .

.tm_clone_table
                0x20000848        0x0 load address 0x0800425c
 .tm_clone_table
                0x20000848        0x0 e:/arm gnu toolchain arm-none-eabi/11.2 2022.02/bin/../lib/gcc/arm-none-eabi/11.2.1/thumb/v7-m/nofp/crtbegin.o
 .tm_clone_table
                0x20000848        0x0 e:/arm gnu toolchain arm-none-eabi/11.2 2022.02/bin/../lib/gcc/arm-none-eabi/11.2.1/thumb/v7-m/nofp/crtend.o

.igot.plt       0x20000848        0x0 load address 0x0800425c
 .igot.plt      0x20000848        0x0 e:/arm gnu toolchain arm-none-eabi/11.2 2022.02/bin/../lib/gcc/arm-none-eabi/11.2.1/thumb/v7-m/nofp/crtbegin.o
                0x20000848                . = ALIGN (0x4)

.bss            0x20000848      0x194 load address 0x0800425c
                0x20000848                _sbss = .
                0x20000848                __bss_start__ = _sbss
 *(.bss)
 *(.bss*)
 .bss.completed.1
                0x20000848        0x1 e:/arm gnu toolchain arm-none-eabi/11.2 2022.02/bin/../lib/gcc/arm-none-eabi/11.2.1/thumb/v7-m/nofp/crtbegin.o
 *fill*         0x20000849        0x3 
 .bss.object.0  0x2000084c       0x18 e:/arm gnu toolchain arm-none-eabi/11.2 2022.02/bin/../lib/gcc/arm-none-eabi/11.2.1/thumb/v7-m/nofp/crtbegin.o
 .bss.RecCount  0x20000864        0x1 CMakeFiles/f103ze_usart_stlink.elf.dir/Core/Src/main.c.obj
                0x20000864                RecCount
 *fill*         0x20000865        0x3 
 .bss.RxBuffer  0x20000868       0x64 CMakeFiles/f103ze_usart_stlink.elf.dir/Core/Src/main.c.obj
                0x20000868                RxBuffer
 .bss.RxFlag    0x200008cc        0x1 CMakeFiles/f103ze_usart_stlink.elf.dir/Core/Src/main.c.obj
                0x200008cc                RxFlag
 *fill*         0x200008cd        0x3 
 .bss.heap_end.0
                0x200008d0        0x4 CMakeFiles/f103ze_usart_stlink.elf.dir/Core/Src/syscalls.c.obj
 .bss.hdma_usart1_rx
                0x200008d4       0x44 CMakeFiles/f103ze_usart_stlink.elf.dir/Core/Src/usart.c.obj
                0x200008d4                hdma_usart1_rx
 .bss.hdma_usart1_tx
                0x20000918       0x44 CMakeFiles/f103ze_usart_stlink.elf.dir/Core/Src/usart.c.obj
                0x20000918                hdma_usart1_tx
 .bss.huart1    0x2000095c       0x44 CMakeFiles/f103ze_usart_stlink.elf.dir/Core/Src/usart.c.obj
                0x2000095c                huart1
 .bss.uwTick    0x200009a0        0x4 CMakeFiles/f103ze_usart_stlink.elf.dir/Drivers/STM32F1xx_HAL_Driver/Src/stm32f1xx_hal.c.obj
                0x200009a0                uwTick
 .bss.__malloc_current_mallinfo
                0x200009a4       0x28 e:/arm gnu toolchain arm-none-eabi/11.2 2022.02/bin/../lib/gcc/arm-none-eabi/11.2.1/thumb/v7-m/nofp\libg.a(lib_a-mallocr.o)
                0x200009a4                __malloc_current_mallinfo
 .bss.__malloc_max_sbrked_mem
                0x200009cc        0x4 e:/arm gnu toolchain arm-none-eabi/11.2 2022.02/bin/../lib/gcc/arm-none-eabi/11.2.1/thumb/v7-m/nofp\libg.a(lib_a-mallocr.o)
                0x200009cc                __malloc_max_sbrked_mem
 .bss.__malloc_max_total_mem
                0x200009d0        0x4 e:/arm gnu toolchain arm-none-eabi/11.2 2022.02/bin/../lib/gcc/arm-none-eabi/11.2.1/thumb/v7-m/nofp\libg.a(lib_a-mallocr.o)
                0x200009d0                __malloc_max_total_mem
 .bss.__malloc_top_pad
                0x200009d4        0x4 e:/arm gnu toolchain arm-none-eabi/11.2 2022.02/bin/../lib/gcc/arm-none-eabi/11.2.1/thumb/v7-m/nofp\libg.a(lib_a-mallocr.o)
                0x200009d4                __malloc_top_pad
 .bss.errno     0x200009d8        0x4 e:/arm gnu toolchain arm-none-eabi/11.2 2022.02/bin/../lib/gcc/arm-none-eabi/11.2.1/thumb/v7-m/nofp\libg.a(lib_a-reent.o)
                0x200009d8                errno
 *(COMMON)
                0x200009dc                . = ALIGN (0x4)
                0x200009dc                _ebss = .
                0x200009dc                __bss_end__ = _ebss

._user_heap_stack
                0x200009dc      0x604 load address 0x0800425c
                0x200009e0                . = ALIGN (0x8)
 *fill*         0x200009dc        0x4 
                0x200009e0                PROVIDE (end = .)
                [!provide]                PROVIDE (_end = .)
                0x20000be0                . = (. + _Min_Heap_Size)
 *fill*         0x200009e0      0x200 
                0x20000fe0                . = (. + _Min_Stack_Size)
 *fill*         0x20000be0      0x400 
                0x20000fe0                . = ALIGN (0x8)

/DISCARD/
 libc.a(*)
 libm.a(*)
 libgcc.a(*)

.ARM.attributes
                0x00000000       0x29
 *(.ARM.attributes)
 .ARM.attributes
                0x00000000       0x1d e:/arm gnu toolchain arm-none-eabi/11.2 2022.02/bin/../lib/gcc/arm-none-eabi/11.2.1/thumb/v7-m/nofp/crti.o
 .ARM.attributes
                0x0000001d       0x2d e:/arm gnu toolchain arm-none-eabi/11.2 2022.02/bin/../lib/gcc/arm-none-eabi/11.2.1/thumb/v7-m/nofp/crtbegin.o
 .ARM.attributes
                0x0000004a       0x2d CMakeFiles/f103ze_usart_stlink.elf.dir/Core/Src/dma.c.obj
 .ARM.attributes
                0x00000077       0x2d CMakeFiles/f103ze_usart_stlink.elf.dir/Core/Src/gpio.c.obj
 .ARM.attributes
                0x000000a4       0x2d CMakeFiles/f103ze_usart_stlink.elf.dir/Core/Src/main.c.obj
 .ARM.attributes
                0x000000d1       0x2d CMakeFiles/f103ze_usart_stlink.elf.dir/Core/Src/stm32f1xx_hal_msp.c.obj
 .ARM.attributes
                0x000000fe       0x2d CMakeFiles/f103ze_usart_stlink.elf.dir/Core/Src/stm32f1xx_it.c.obj
 .ARM.attributes
                0x0000012b       0x2d CMakeFiles/f103ze_usart_stlink.elf.dir/Core/Src/syscalls.c.obj
 .ARM.attributes
                0x00000158       0x2d CMakeFiles/f103ze_usart_stlink.elf.dir/Core/Src/system_stm32f1xx.c.obj
 .ARM.attributes
                0x00000185       0x2d CMakeFiles/f103ze_usart_stlink.elf.dir/Core/Src/usart.c.obj
 .ARM.attributes
                0x000001b2       0x2d CMakeFiles/f103ze_usart_stlink.elf.dir/Drivers/STM32F1xx_HAL_Driver/Src/stm32f1xx_hal.c.obj
 .ARM.attributes
                0x000001df       0x2d CMakeFiles/f103ze_usart_stlink.elf.dir/Drivers/STM32F1xx_HAL_Driver/Src/stm32f1xx_hal_cortex.c.obj
 .ARM.attributes
                0x0000020c       0x2d CMakeFiles/f103ze_usart_stlink.elf.dir/Drivers/STM32F1xx_HAL_Driver/Src/stm32f1xx_hal_dma.c.obj
 .ARM.attributes
                0x00000239       0x2d CMakeFiles/f103ze_usart_stlink.elf.dir/Drivers/STM32F1xx_HAL_Driver/Src/stm32f1xx_hal_gpio.c.obj
 .ARM.attributes
                0x00000266       0x2d CMakeFiles/f103ze_usart_stlink.elf.dir/Drivers/STM32F1xx_HAL_Driver/Src/stm32f1xx_hal_rcc.c.obj
 .ARM.attributes
                0x00000293       0x2d CMakeFiles/f103ze_usart_stlink.elf.dir/Drivers/STM32F1xx_HAL_Driver/Src/stm32f1xx_hal_uart.c.obj
 .ARM.attributes
                0x000002c0       0x21 CMakeFiles/f103ze_usart_stlink.elf.dir/startup/startup_stm32f103xe.s.obj
 .ARM.attributes
                0x000002e1       0x2d e:/arm gnu toolchain arm-none-eabi/11.2 2022.02/bin/../lib/gcc/arm-none-eabi/11.2.1/thumb/v7-m/nofp\libg.a(lib_a-errno.o)
 .ARM.attributes
                0x0000030e       0x2d e:/arm gnu toolchain arm-none-eabi/11.2 2022.02/bin/../lib/gcc/arm-none-eabi/11.2.1/thumb/v7-m/nofp\libg.a(lib_a-impure.o)
 .ARM.attributes
                0x0000033b       0x2d e:/arm gnu toolchain arm-none-eabi/11.2 2022.02/bin/../lib/gcc/arm-none-eabi/11.2.1/thumb/v7-m/nofp\libg.a(lib_a-init.o)
 .ARM.attributes
                0x00000368       0x2d e:/arm gnu toolchain arm-none-eabi/11.2 2022.02/bin/../lib/gcc/arm-none-eabi/11.2.1/thumb/v7-m/nofp\libg.a(lib_a-memset.o)
 .ARM.attributes
                0x00000395       0x2d e:/arm gnu toolchain arm-none-eabi/11.2 2022.02/bin/../lib/gcc/arm-none-eabi/11.2.1/thumb/v7-m/nofp\libg.a(lib_a-puts.o)
 .ARM.attributes
                0x000003c2       0x2d e:/arm gnu toolchain arm-none-eabi/11.2 2022.02/bin/../lib/gcc/arm-none-eabi/11.2.1/thumb/v7-m/nofp\libg.a(lib_a-strlen-stub.o)
 .ARM.attributes
                0x000003ef       0x2d e:/arm gnu toolchain arm-none-eabi/11.2 2022.02/bin/../lib/gcc/arm-none-eabi/11.2.1/thumb/v7-m/nofp\libg.a(lib_a-findfp.o)
 .ARM.attributes
                0x0000041c       0x2d e:/arm gnu toolchain arm-none-eabi/11.2 2022.02/bin/../lib/gcc/arm-none-eabi/11.2.1/thumb/v7-m/nofp\libg.a(lib_a-fvwrite.o)
 .ARM.attributes
                0x00000449       0x2d e:/arm gnu toolchain arm-none-eabi/11.2 2022.02/bin/../lib/gcc/arm-none-eabi/11.2.1/thumb/v7-m/nofp\libg.a(lib_a-fwalk.o)
 .ARM.attributes
                0x00000476       0x2d e:/arm gnu toolchain arm-none-eabi/11.2 2022.02/bin/../lib/gcc/arm-none-eabi/11.2.1/thumb/v7-m/nofp\libg.a(lib_a-mallocr.o)
 .ARM.attributes
                0x000004a3       0x2d e:/arm gnu toolchain arm-none-eabi/11.2 2022.02/bin/../lib/gcc/arm-none-eabi/11.2.1/thumb/v7-m/nofp\libg.a(lib_a-memchr-stub.o)
 .ARM.attributes
                0x000004d0       0x1b e:/arm gnu toolchain arm-none-eabi/11.2 2022.02/bin/../lib/gcc/arm-none-eabi/11.2.1/thumb/v7-m/nofp\libg.a(lib_a-memcpy.o)
 .ARM.attributes
                0x000004eb       0x2d e:/arm gnu toolchain arm-none-eabi/11.2 2022.02/bin/../lib/gcc/arm-none-eabi/11.2.1/thumb/v7-m/nofp\libg.a(lib_a-memmove.o)
 .ARM.attributes
                0x00000518       0x2d e:/arm gnu toolchain arm-none-eabi/11.2 2022.02/bin/../lib/gcc/arm-none-eabi/11.2.1/thumb/v7-m/nofp\libg.a(lib_a-mlock.o)
 .ARM.attributes
                0x00000545       0x2d e:/arm gnu toolchain arm-none-eabi/11.2 2022.02/bin/../lib/gcc/arm-none-eabi/11.2.1/thumb/v7-m/nofp\libg.a(lib_a-reallocr.o)
 .ARM.attributes
                0x00000572       0x2d e:/arm gnu toolchain arm-none-eabi/11.2 2022.02/bin/../lib/gcc/arm-none-eabi/11.2.1/thumb/v7-m/nofp\libg.a(lib_a-sbrkr.o)
 .ARM.attributes
                0x0000059f       0x2d e:/arm gnu toolchain arm-none-eabi/11.2 2022.02/bin/../lib/gcc/arm-none-eabi/11.2.1/thumb/v7-m/nofp\libg.a(lib_a-stdio.o)
 .ARM.attributes
                0x000005cc       0x2d e:/arm gnu toolchain arm-none-eabi/11.2 2022.02/bin/../lib/gcc/arm-none-eabi/11.2.1/thumb/v7-m/nofp\libg.a(lib_a-writer.o)
 .ARM.attributes
                0x000005f9       0x2d e:/arm gnu toolchain arm-none-eabi/11.2 2022.02/bin/../lib/gcc/arm-none-eabi/11.2.1/thumb/v7-m/nofp\libg.a(lib_a-wsetup.o)
 .ARM.attributes
                0x00000626       0x2d e:/arm gnu toolchain arm-none-eabi/11.2 2022.02/bin/../lib/gcc/arm-none-eabi/11.2.1/thumb/v7-m/nofp\libg.a(lib_a-closer.o)
 .ARM.attributes
                0x00000653       0x2d e:/arm gnu toolchain arm-none-eabi/11.2 2022.02/bin/../lib/gcc/arm-none-eabi/11.2.1/thumb/v7-m/nofp\libg.a(lib_a-fclose.o)
 .ARM.attributes
                0x00000680       0x2d e:/arm gnu toolchain arm-none-eabi/11.2 2022.02/bin/../lib/gcc/arm-none-eabi/11.2.1/thumb/v7-m/nofp\libg.a(lib_a-fflush.o)
 .ARM.attributes
                0x000006ad       0x2d e:/arm gnu toolchain arm-none-eabi/11.2 2022.02/bin/../lib/gcc/arm-none-eabi/11.2.1/thumb/v7-m/nofp\libg.a(lib_a-freer.o)
 .ARM.attributes
                0x000006da       0x2d e:/arm gnu toolchain arm-none-eabi/11.2 2022.02/bin/../lib/gcc/arm-none-eabi/11.2.1/thumb/v7-m/nofp\libg.a(lib_a-lseekr.o)
 .ARM.attributes
                0x00000707       0x2d e:/arm gnu toolchain arm-none-eabi/11.2 2022.02/bin/../lib/gcc/arm-none-eabi/11.2.1/thumb/v7-m/nofp\libg.a(lib_a-makebuf.o)
 .ARM.attributes
                0x00000734       0x2d e:/arm gnu toolchain arm-none-eabi/11.2 2022.02/bin/../lib/gcc/arm-none-eabi/11.2.1/thumb/v7-m/nofp\libg.a(lib_a-readr.o)
 .ARM.attributes
                0x00000761       0x2d e:/arm gnu toolchain arm-none-eabi/11.2 2022.02/bin/../lib/gcc/arm-none-eabi/11.2.1/thumb/v7-m/nofp\libg.a(lib_a-reent.o)
 .ARM.attributes
                0x0000078e       0x2d e:/arm gnu toolchain arm-none-eabi/11.2 2022.02/bin/../lib/gcc/arm-none-eabi/11.2.1/thumb/v7-m/nofp\libg.a(lib_a-fstatr.o)
 .ARM.attributes
                0x000007bb       0x2d e:/arm gnu toolchain arm-none-eabi/11.2 2022.02/bin/../lib/gcc/arm-none-eabi/11.2.1/thumb/v7-m/nofp\libg.a(lib_a-isattyr.o)
 .ARM.attributes
                0x000007e8       0x2d e:/arm gnu toolchain arm-none-eabi/11.2 2022.02/bin/../lib/gcc/arm-none-eabi/11.2.1/thumb/v7-m/nofp/crtend.o
 .ARM.attributes
                0x00000815       0x1d e:/arm gnu toolchain arm-none-eabi/11.2 2022.02/bin/../lib/gcc/arm-none-eabi/11.2.1/thumb/v7-m/nofp/crtn.o
OUTPUT(f103ze_usart_stlink.elf elf32-littlearm)
LOAD linker stubs
LOAD e:/arm gnu toolchain arm-none-eabi/11.2 2022.02/bin/../lib/gcc/arm-none-eabi/11.2.1/thumb/v7-m/nofp\libc.a
LOAD e:/arm gnu toolchain arm-none-eabi/11.2 2022.02/bin/../lib/gcc/arm-none-eabi/11.2.1/thumb/v7-m/nofp\libm.a
LOAD e:/arm gnu toolchain arm-none-eabi/11.2 2022.02/bin/../lib/gcc/arm-none-eabi/11.2.1/thumb/v7-m/nofp\libgcc.a

.comment        0x00000000       0x57
 .comment       0x00000000       0x57 e:/arm gnu toolchain arm-none-eabi/11.2 2022.02/bin/../lib/gcc/arm-none-eabi/11.2.1/thumb/v7-m/nofp/crtbegin.o
                                 0x58 (size before relaxing)
 .comment       0x00000057       0x58 CMakeFiles/f103ze_usart_stlink.elf.dir/Core/Src/dma.c.obj
 .comment       0x00000057       0x58 CMakeFiles/f103ze_usart_stlink.elf.dir/Core/Src/gpio.c.obj
 .comment       0x00000057       0x58 CMakeFiles/f103ze_usart_stlink.elf.dir/Core/Src/main.c.obj
 .comment       0x00000057       0x58 CMakeFiles/f103ze_usart_stlink.elf.dir/Core/Src/stm32f1xx_hal_msp.c.obj
 .comment       0x00000057       0x58 CMakeFiles/f103ze_usart_stlink.elf.dir/Core/Src/stm32f1xx_it.c.obj
 .comment       0x00000057       0x58 CMakeFiles/f103ze_usart_stlink.elf.dir/Core/Src/syscalls.c.obj
 .comment       0x00000057       0x58 CMakeFiles/f103ze_usart_stlink.elf.dir/Core/Src/system_stm32f1xx.c.obj
 .comment       0x00000057       0x58 CMakeFiles/f103ze_usart_stlink.elf.dir/Core/Src/usart.c.obj
 .comment       0x00000057       0x58 CMakeFiles/f103ze_usart_stlink.elf.dir/Drivers/STM32F1xx_HAL_Driver/Src/stm32f1xx_hal.c.obj
 .comment       0x00000057       0x58 CMakeFiles/f103ze_usart_stlink.elf.dir/Drivers/STM32F1xx_HAL_Driver/Src/stm32f1xx_hal_cortex.c.obj
 .comment       0x00000057       0x58 CMakeFiles/f103ze_usart_stlink.elf.dir/Drivers/STM32F1xx_HAL_Driver/Src/stm32f1xx_hal_dma.c.obj
 .comment       0x00000057       0x58 CMakeFiles/f103ze_usart_stlink.elf.dir/Drivers/STM32F1xx_HAL_Driver/Src/stm32f1xx_hal_gpio.c.obj
 .comment       0x00000057       0x58 CMakeFiles/f103ze_usart_stlink.elf.dir/Drivers/STM32F1xx_HAL_Driver/Src/stm32f1xx_hal_rcc.c.obj
 .comment       0x00000057       0x58 CMakeFiles/f103ze_usart_stlink.elf.dir/Drivers/STM32F1xx_HAL_Driver/Src/stm32f1xx_hal_uart.c.obj
 .comment       0x00000057       0x58 e:/arm gnu toolchain arm-none-eabi/11.2 2022.02/bin/../lib/gcc/arm-none-eabi/11.2.1/thumb/v7-m/nofp\libg.a(lib_a-errno.o)
 .comment       0x00000057       0x58 e:/arm gnu toolchain arm-none-eabi/11.2 2022.02/bin/../lib/gcc/arm-none-eabi/11.2.1/thumb/v7-m/nofp\libg.a(lib_a-impure.o)
 .comment       0x00000057       0x58 e:/arm gnu toolchain arm-none-eabi/11.2 2022.02/bin/../lib/gcc/arm-none-eabi/11.2.1/thumb/v7-m/nofp\libg.a(lib_a-init.o)
 .comment       0x00000057       0x58 e:/arm gnu toolchain arm-none-eabi/11.2 2022.02/bin/../lib/gcc/arm-none-eabi/11.2.1/thumb/v7-m/nofp\libg.a(lib_a-memset.o)
 .comment       0x00000057       0x58 e:/arm gnu toolchain arm-none-eabi/11.2 2022.02/bin/../lib/gcc/arm-none-eabi/11.2.1/thumb/v7-m/nofp\libg.a(lib_a-puts.o)
 .comment       0x00000057       0x58 e:/arm gnu toolchain arm-none-eabi/11.2 2022.02/bin/../lib/gcc/arm-none-eabi/11.2.1/thumb/v7-m/nofp\libg.a(lib_a-strlen-stub.o)
 .comment       0x00000057       0x58 e:/arm gnu toolchain arm-none-eabi/11.2 2022.02/bin/../lib/gcc/arm-none-eabi/11.2.1/thumb/v7-m/nofp\libg.a(lib_a-findfp.o)
 .comment       0x00000057       0x58 e:/arm gnu toolchain arm-none-eabi/11.2 2022.02/bin/../lib/gcc/arm-none-eabi/11.2.1/thumb/v7-m/nofp\libg.a(lib_a-fvwrite.o)
 .comment       0x00000057       0x58 e:/arm gnu toolchain arm-none-eabi/11.2 2022.02/bin/../lib/gcc/arm-none-eabi/11.2.1/thumb/v7-m/nofp\libg.a(lib_a-fwalk.o)
 .comment       0x00000057       0x58 e:/arm gnu toolchain arm-none-eabi/11.2 2022.02/bin/../lib/gcc/arm-none-eabi/11.2.1/thumb/v7-m/nofp\libg.a(lib_a-mallocr.o)
 .comment       0x00000057       0x58 e:/arm gnu toolchain arm-none-eabi/11.2 2022.02/bin/../lib/gcc/arm-none-eabi/11.2.1/thumb/v7-m/nofp\libg.a(lib_a-memchr-stub.o)
 .comment       0x00000057       0x58 e:/arm gnu toolchain arm-none-eabi/11.2 2022.02/bin/../lib/gcc/arm-none-eabi/11.2.1/thumb/v7-m/nofp\libg.a(lib_a-memmove.o)
 .comment       0x00000057       0x58 e:/arm gnu toolchain arm-none-eabi/11.2 2022.02/bin/../lib/gcc/arm-none-eabi/11.2.1/thumb/v7-m/nofp\libg.a(lib_a-mlock.o)
 .comment       0x00000057       0x58 e:/arm gnu toolchain arm-none-eabi/11.2 2022.02/bin/../lib/gcc/arm-none-eabi/11.2.1/thumb/v7-m/nofp\libg.a(lib_a-reallocr.o)
 .comment       0x00000057       0x58 e:/arm gnu toolchain arm-none-eabi/11.2 2022.02/bin/../lib/gcc/arm-none-eabi/11.2.1/thumb/v7-m/nofp\libg.a(lib_a-sbrkr.o)
 .comment       0x00000057       0x58 e:/arm gnu toolchain arm-none-eabi/11.2 2022.02/bin/../lib/gcc/arm-none-eabi/11.2.1/thumb/v7-m/nofp\libg.a(lib_a-stdio.o)
 .comment       0x00000057       0x58 e:/arm gnu toolchain arm-none-eabi/11.2 2022.02/bin/../lib/gcc/arm-none-eabi/11.2.1/thumb/v7-m/nofp\libg.a(lib_a-writer.o)
 .comment       0x00000057       0x58 e:/arm gnu toolchain arm-none-eabi/11.2 2022.02/bin/../lib/gcc/arm-none-eabi/11.2.1/thumb/v7-m/nofp\libg.a(lib_a-wsetup.o)
 .comment       0x00000057       0x58 e:/arm gnu toolchain arm-none-eabi/11.2 2022.02/bin/../lib/gcc/arm-none-eabi/11.2.1/thumb/v7-m/nofp\libg.a(lib_a-closer.o)
 .comment       0x00000057       0x58 e:/arm gnu toolchain arm-none-eabi/11.2 2022.02/bin/../lib/gcc/arm-none-eabi/11.2.1/thumb/v7-m/nofp\libg.a(lib_a-fclose.o)
 .comment       0x00000057       0x58 e:/arm gnu toolchain arm-none-eabi/11.2 2022.02/bin/../lib/gcc/arm-none-eabi/11.2.1/thumb/v7-m/nofp\libg.a(lib_a-fflush.o)
 .comment       0x00000057       0x58 e:/arm gnu toolchain arm-none-eabi/11.2 2022.02/bin/../lib/gcc/arm-none-eabi/11.2.1/thumb/v7-m/nofp\libg.a(lib_a-freer.o)
 .comment       0x00000057       0x58 e:/arm gnu toolchain arm-none-eabi/11.2 2022.02/bin/../lib/gcc/arm-none-eabi/11.2.1/thumb/v7-m/nofp\libg.a(lib_a-lseekr.o)
 .comment       0x00000057       0x58 e:/arm gnu toolchain arm-none-eabi/11.2 2022.02/bin/../lib/gcc/arm-none-eabi/11.2.1/thumb/v7-m/nofp\libg.a(lib_a-makebuf.o)
 .comment       0x00000057       0x58 e:/arm gnu toolchain arm-none-eabi/11.2 2022.02/bin/../lib/gcc/arm-none-eabi/11.2.1/thumb/v7-m/nofp\libg.a(lib_a-readr.o)
 .comment       0x00000057       0x58 e:/arm gnu toolchain arm-none-eabi/11.2 2022.02/bin/../lib/gcc/arm-none-eabi/11.2.1/thumb/v7-m/nofp\libg.a(lib_a-reent.o)
 .comment       0x00000057       0x58 e:/arm gnu toolchain arm-none-eabi/11.2 2022.02/bin/../lib/gcc/arm-none-eabi/11.2.1/thumb/v7-m/nofp\libg.a(lib_a-fstatr.o)
 .comment       0x00000057       0x58 e:/arm gnu toolchain arm-none-eabi/11.2 2022.02/bin/../lib/gcc/arm-none-eabi/11.2.1/thumb/v7-m/nofp\libg.a(lib_a-isattyr.o)
 .comment       0x00000057       0x58 e:/arm gnu toolchain arm-none-eabi/11.2 2022.02/bin/../lib/gcc/arm-none-eabi/11.2.1/thumb/v7-m/nofp/crtend.o

.debug_info     0x00000000    0x178a3
 .debug_info    0x00000000      0x391 CMakeFiles/f103ze_usart_stlink.elf.dir/Core/Src/dma.c.obj
 .debug_info    0x00000391      0x341 CMakeFiles/f103ze_usart_stlink.elf.dir/Core/Src/gpio.c.obj
 .debug_info    0x000006d2      0x9af CMakeFiles/f103ze_usart_stlink.elf.dir/Core/Src/main.c.obj
 .debug_info    0x00001081      0x1f4 CMakeFiles/f103ze_usart_stlink.elf.dir/Core/Src/stm32f1xx_hal_msp.c.obj
 .debug_info    0x00001275      0x6ba CMakeFiles/f103ze_usart_stlink.elf.dir/Core/Src/stm32f1xx_it.c.obj
 .debug_info    0x0000192f      0x809 CMakeFiles/f103ze_usart_stlink.elf.dir/Core/Src/syscalls.c.obj
 .debug_info    0x00002138      0x22d CMakeFiles/f103ze_usart_stlink.elf.dir/Core/Src/system_stm32f1xx.c.obj
 .debug_info    0x00002365      0xc09 CMakeFiles/f103ze_usart_stlink.elf.dir/Core/Src/usart.c.obj
 .debug_info    0x00002f6e      0x808 CMakeFiles/f103ze_usart_stlink.elf.dir/Drivers/STM32F1xx_HAL_Driver/Src/stm32f1xx_hal.c.obj
 .debug_info    0x00003776      0xd2b CMakeFiles/f103ze_usart_stlink.elf.dir/Drivers/STM32F1xx_HAL_Driver/Src/stm32f1xx_hal_cortex.c.obj
 .debug_info    0x000044a1      0x7d5 CMakeFiles/f103ze_usart_stlink.elf.dir/Drivers/STM32F1xx_HAL_Driver/Src/stm32f1xx_hal_dma.c.obj
 .debug_info    0x00004c76      0x604 CMakeFiles/f103ze_usart_stlink.elf.dir/Drivers/STM32F1xx_HAL_Driver/Src/stm32f1xx_hal_gpio.c.obj
 .debug_info    0x0000527a      0x9e0 CMakeFiles/f103ze_usart_stlink.elf.dir/Drivers/STM32F1xx_HAL_Driver/Src/stm32f1xx_hal_rcc.c.obj
 .debug_info    0x00005c5a     0x1b89 CMakeFiles/f103ze_usart_stlink.elf.dir/Drivers/STM32F1xx_HAL_Driver/Src/stm32f1xx_hal_uart.c.obj
 .debug_info    0x000077e3       0x23 CMakeFiles/f103ze_usart_stlink.elf.dir/startup/startup_stm32f103xe.s.obj
 .debug_info    0x00007806      0x8a9 e:/arm gnu toolchain arm-none-eabi/11.2 2022.02/bin/../lib/gcc/arm-none-eabi/11.2.1/thumb/v7-m/nofp\libg.a(lib_a-errno.o)
 .debug_info    0x000080af      0x8be e:/arm gnu toolchain arm-none-eabi/11.2 2022.02/bin/../lib/gcc/arm-none-eabi/11.2.1/thumb/v7-m/nofp\libg.a(lib_a-impure.o)
 .debug_info    0x0000896d      0x10b e:/arm gnu toolchain arm-none-eabi/11.2 2022.02/bin/../lib/gcc/arm-none-eabi/11.2.1/thumb/v7-m/nofp\libg.a(lib_a-init.o)
 .debug_info    0x00008a78      0x135 e:/arm gnu toolchain arm-none-eabi/11.2 2022.02/bin/../lib/gcc/arm-none-eabi/11.2.1/thumb/v7-m/nofp\libg.a(lib_a-memset.o)
 .debug_info    0x00008bad      0xa8f e:/arm gnu toolchain arm-none-eabi/11.2 2022.02/bin/../lib/gcc/arm-none-eabi/11.2.1/thumb/v7-m/nofp\libg.a(lib_a-puts.o)
 .debug_info    0x0000963c       0xbd e:/arm gnu toolchain arm-none-eabi/11.2 2022.02/bin/../lib/gcc/arm-none-eabi/11.2.1/thumb/v7-m/nofp\libg.a(lib_a-strlen-stub.o)
 .debug_info    0x000096f9      0xfc3 e:/arm gnu toolchain arm-none-eabi/11.2 2022.02/bin/../lib/gcc/arm-none-eabi/11.2.1/thumb/v7-m/nofp\libg.a(lib_a-findfp.o)
 .debug_info    0x0000a6bc      0xcd2 e:/arm gnu toolchain arm-none-eabi/11.2 2022.02/bin/../lib/gcc/arm-none-eabi/11.2.1/thumb/v7-m/nofp\libg.a(lib_a-fvwrite.o)
 .debug_info    0x0000b38e      0x9e7 e:/arm gnu toolchain arm-none-eabi/11.2 2022.02/bin/../lib/gcc/arm-none-eabi/11.2.1/thumb/v7-m/nofp\libg.a(lib_a-fwalk.o)
 .debug_info    0x0000bd75      0xe58 e:/arm gnu toolchain arm-none-eabi/11.2 2022.02/bin/../lib/gcc/arm-none-eabi/11.2.1/thumb/v7-m/nofp\libg.a(lib_a-mallocr.o)
 .debug_info    0x0000cbcd      0x144 e:/arm gnu toolchain arm-none-eabi/11.2 2022.02/bin/../lib/gcc/arm-none-eabi/11.2.1/thumb/v7-m/nofp\libg.a(lib_a-memchr-stub.o)
 .debug_info    0x0000cd11       0x25 e:/arm gnu toolchain arm-none-eabi/11.2 2022.02/bin/../lib/gcc/arm-none-eabi/11.2.1/thumb/v7-m/nofp\libg.a(lib_a-memcpy.o)
 .debug_info    0x0000cd36      0x148 e:/arm gnu toolchain arm-none-eabi/11.2 2022.02/bin/../lib/gcc/arm-none-eabi/11.2.1/thumb/v7-m/nofp\libg.a(lib_a-memmove.o)
 .debug_info    0x0000ce7e      0x8d4 e:/arm gnu toolchain arm-none-eabi/11.2 2022.02/bin/../lib/gcc/arm-none-eabi/11.2.1/thumb/v7-m/nofp\libg.a(lib_a-mlock.o)
 .debug_info    0x0000d752      0xd89 e:/arm gnu toolchain arm-none-eabi/11.2 2022.02/bin/../lib/gcc/arm-none-eabi/11.2.1/thumb/v7-m/nofp\libg.a(lib_a-reallocr.o)
 .debug_info    0x0000e4db      0x92a e:/arm gnu toolchain arm-none-eabi/11.2 2022.02/bin/../lib/gcc/arm-none-eabi/11.2.1/thumb/v7-m/nofp\libg.a(lib_a-sbrkr.o)
 .debug_info    0x0000ee05      0xbfc e:/arm gnu toolchain arm-none-eabi/11.2 2022.02/bin/../lib/gcc/arm-none-eabi/11.2.1/thumb/v7-m/nofp\libg.a(lib_a-stdio.o)
 .debug_info    0x0000fa01      0x961 e:/arm gnu toolchain arm-none-eabi/11.2 2022.02/bin/../lib/gcc/arm-none-eabi/11.2.1/thumb/v7-m/nofp\libg.a(lib_a-writer.o)
 .debug_info    0x00010362      0x969 e:/arm gnu toolchain arm-none-eabi/11.2 2022.02/bin/../lib/gcc/arm-none-eabi/11.2.1/thumb/v7-m/nofp\libg.a(lib_a-wsetup.o)
 .debug_info    0x00010ccb      0x905 e:/arm gnu toolchain arm-none-eabi/11.2 2022.02/bin/../lib/gcc/arm-none-eabi/11.2.1/thumb/v7-m/nofp\libg.a(lib_a-closer.o)
 .debug_info    0x000115d0      0xa7a e:/arm gnu toolchain arm-none-eabi/11.2 2022.02/bin/../lib/gcc/arm-none-eabi/11.2.1/thumb/v7-m/nofp\libg.a(lib_a-fclose.o)
 .debug_info    0x0001204a      0xb9d e:/arm gnu toolchain arm-none-eabi/11.2 2022.02/bin/../lib/gcc/arm-none-eabi/11.2.1/thumb/v7-m/nofp\libg.a(lib_a-fflush.o)
 .debug_info    0x00012be7      0xcd5 e:/arm gnu toolchain arm-none-eabi/11.2 2022.02/bin/../lib/gcc/arm-none-eabi/11.2.1/thumb/v7-m/nofp\libg.a(lib_a-freer.o)
 .debug_info    0x000138bc      0x944 e:/arm gnu toolchain arm-none-eabi/11.2 2022.02/bin/../lib/gcc/arm-none-eabi/11.2.1/thumb/v7-m/nofp\libg.a(lib_a-lseekr.o)
 .debug_info    0x00014200      0xdb8 e:/arm gnu toolchain arm-none-eabi/11.2 2022.02/bin/../lib/gcc/arm-none-eabi/11.2.1/thumb/v7-m/nofp\libg.a(lib_a-makebuf.o)
 .debug_info    0x00014fb8      0x95b e:/arm gnu toolchain arm-none-eabi/11.2 2022.02/bin/../lib/gcc/arm-none-eabi/11.2.1/thumb/v7-m/nofp\libg.a(lib_a-readr.o)
 .debug_info    0x00015913      0xb68 e:/arm gnu toolchain arm-none-eabi/11.2 2022.02/bin/../lib/gcc/arm-none-eabi/11.2.1/thumb/v7-m/nofp\libg.a(lib_a-reent.o)
 .debug_info    0x0001647b      0xb23 e:/arm gnu toolchain arm-none-eabi/11.2 2022.02/bin/../lib/gcc/arm-none-eabi/11.2.1/thumb/v7-m/nofp\libg.a(lib_a-fstatr.o)
 .debug_info    0x00016f9e      0x905 e:/arm gnu toolchain arm-none-eabi/11.2 2022.02/bin/../lib/gcc/arm-none-eabi/11.2.1/thumb/v7-m/nofp\libg.a(lib_a-isattyr.o)

.debug_abbrev   0x00000000     0x59de
 .debug_abbrev  0x00000000      0x119 CMakeFiles/f103ze_usart_stlink.elf.dir/Core/Src/dma.c.obj
 .debug_abbrev  0x00000119      0x151 CMakeFiles/f103ze_usart_stlink.elf.dir/Core/Src/gpio.c.obj
 .debug_abbrev  0x0000026a      0x257 CMakeFiles/f103ze_usart_stlink.elf.dir/Core/Src/main.c.obj
 .debug_abbrev  0x000004c1       0xed CMakeFiles/f103ze_usart_stlink.elf.dir/Core/Src/stm32f1xx_hal_msp.c.obj
 .debug_abbrev  0x000005ae      0x1d4 CMakeFiles/f103ze_usart_stlink.elf.dir/Core/Src/stm32f1xx_it.c.obj
 .debug_abbrev  0x00000782      0x1e6 CMakeFiles/f103ze_usart_stlink.elf.dir/Core/Src/syscalls.c.obj
 .debug_abbrev  0x00000968      0x143 CMakeFiles/f103ze_usart_stlink.elf.dir/Core/Src/system_stm32f1xx.c.obj
 .debug_abbrev  0x00000aab      0x25b CMakeFiles/f103ze_usart_stlink.elf.dir/Core/Src/usart.c.obj
 .debug_abbrev  0x00000d06      0x22d CMakeFiles/f103ze_usart_stlink.elf.dir/Drivers/STM32F1xx_HAL_Driver/Src/stm32f1xx_hal.c.obj
 .debug_abbrev  0x00000f33      0x348 CMakeFiles/f103ze_usart_stlink.elf.dir/Drivers/STM32F1xx_HAL_Driver/Src/stm32f1xx_hal_cortex.c.obj
 .debug_abbrev  0x0000127b      0x244 CMakeFiles/f103ze_usart_stlink.elf.dir/Drivers/STM32F1xx_HAL_Driver/Src/stm32f1xx_hal_dma.c.obj
 .debug_abbrev  0x000014bf      0x1f7 CMakeFiles/f103ze_usart_stlink.elf.dir/Drivers/STM32F1xx_HAL_Driver/Src/stm32f1xx_hal_gpio.c.obj
 .debug_abbrev  0x000016b6      0x29e CMakeFiles/f103ze_usart_stlink.elf.dir/Drivers/STM32F1xx_HAL_Driver/Src/stm32f1xx_hal_rcc.c.obj
 .debug_abbrev  0x00001954      0x298 CMakeFiles/f103ze_usart_stlink.elf.dir/Drivers/STM32F1xx_HAL_Driver/Src/stm32f1xx_hal_uart.c.obj
 .debug_abbrev  0x00001bec       0x12 CMakeFiles/f103ze_usart_stlink.elf.dir/startup/startup_stm32f103xe.s.obj
 .debug_abbrev  0x00001bfe      0x1ce e:/arm gnu toolchain arm-none-eabi/11.2 2022.02/bin/../lib/gcc/arm-none-eabi/11.2.1/thumb/v7-m/nofp\libg.a(lib_a-errno.o)
 .debug_abbrev  0x00001dcc      0x1ca e:/arm gnu toolchain arm-none-eabi/11.2 2022.02/bin/../lib/gcc/arm-none-eabi/11.2.1/thumb/v7-m/nofp\libg.a(lib_a-impure.o)
 .debug_abbrev  0x00001f96       0xc9 e:/arm gnu toolchain arm-none-eabi/11.2 2022.02/bin/../lib/gcc/arm-none-eabi/11.2.1/thumb/v7-m/nofp\libg.a(lib_a-init.o)
 .debug_abbrev  0x0000205f       0xb7 e:/arm gnu toolchain arm-none-eabi/11.2 2022.02/bin/../lib/gcc/arm-none-eabi/11.2.1/thumb/v7-m/nofp\libg.a(lib_a-memset.o)
 .debug_abbrev  0x00002116      0x2b4 e:/arm gnu toolchain arm-none-eabi/11.2 2022.02/bin/../lib/gcc/arm-none-eabi/11.2.1/thumb/v7-m/nofp\libg.a(lib_a-puts.o)
 .debug_abbrev  0x000023ca       0x78 e:/arm gnu toolchain arm-none-eabi/11.2 2022.02/bin/../lib/gcc/arm-none-eabi/11.2.1/thumb/v7-m/nofp\libg.a(lib_a-strlen-stub.o)
 .debug_abbrev  0x00002442      0x452 e:/arm gnu toolchain arm-none-eabi/11.2 2022.02/bin/../lib/gcc/arm-none-eabi/11.2.1/thumb/v7-m/nofp\libg.a(lib_a-findfp.o)
 .debug_abbrev  0x00002894      0x288 e:/arm gnu toolchain arm-none-eabi/11.2 2022.02/bin/../lib/gcc/arm-none-eabi/11.2.1/thumb/v7-m/nofp\libg.a(lib_a-fvwrite.o)
 .debug_abbrev  0x00002b1c      0x20f e:/arm gnu toolchain arm-none-eabi/11.2 2022.02/bin/../lib/gcc/arm-none-eabi/11.2.1/thumb/v7-m/nofp\libg.a(lib_a-fwalk.o)
 .debug_abbrev  0x00002d2b      0x309 e:/arm gnu toolchain arm-none-eabi/11.2 2022.02/bin/../lib/gcc/arm-none-eabi/11.2.1/thumb/v7-m/nofp\libg.a(lib_a-mallocr.o)
 .debug_abbrev  0x00003034       0xd8 e:/arm gnu toolchain arm-none-eabi/11.2 2022.02/bin/../lib/gcc/arm-none-eabi/11.2.1/thumb/v7-m/nofp\libg.a(lib_a-memchr-stub.o)
 .debug_abbrev  0x0000310c       0x14 e:/arm gnu toolchain arm-none-eabi/11.2 2022.02/bin/../lib/gcc/arm-none-eabi/11.2.1/thumb/v7-m/nofp\libg.a(lib_a-memcpy.o)
 .debug_abbrev  0x00003120       0xc3 e:/arm gnu toolchain arm-none-eabi/11.2 2022.02/bin/../lib/gcc/arm-none-eabi/11.2.1/thumb/v7-m/nofp\libg.a(lib_a-memmove.o)
 .debug_abbrev  0x000031e3      0x202 e:/arm gnu toolchain arm-none-eabi/11.2 2022.02/bin/../lib/gcc/arm-none-eabi/11.2.1/thumb/v7-m/nofp\libg.a(lib_a-mlock.o)
 .debug_abbrev  0x000033e5      0x2a1 e:/arm gnu toolchain arm-none-eabi/11.2 2022.02/bin/../lib/gcc/arm-none-eabi/11.2.1/thumb/v7-m/nofp\libg.a(lib_a-reallocr.o)
 .debug_abbrev  0x00003686      0x24a e:/arm gnu toolchain arm-none-eabi/11.2 2022.02/bin/../lib/gcc/arm-none-eabi/11.2.1/thumb/v7-m/nofp\libg.a(lib_a-sbrkr.o)
 .debug_abbrev  0x000038d0      0x294 e:/arm gnu toolchain arm-none-eabi/11.2 2022.02/bin/../lib/gcc/arm-none-eabi/11.2.1/thumb/v7-m/nofp\libg.a(lib_a-stdio.o)
 .debug_abbrev  0x00003b64      0x225 e:/arm gnu toolchain arm-none-eabi/11.2 2022.02/bin/../lib/gcc/arm-none-eabi/11.2.1/thumb/v7-m/nofp\libg.a(lib_a-writer.o)
 .debug_abbrev  0x00003d89      0x252 e:/arm gnu toolchain arm-none-eabi/11.2 2022.02/bin/../lib/gcc/arm-none-eabi/11.2.1/thumb/v7-m/nofp\libg.a(lib_a-wsetup.o)
 .debug_abbrev  0x00003fdb      0x220 e:/arm gnu toolchain arm-none-eabi/11.2 2022.02/bin/../lib/gcc/arm-none-eabi/11.2.1/thumb/v7-m/nofp\libg.a(lib_a-closer.o)
 .debug_abbrev  0x000041fb      0x321 e:/arm gnu toolchain arm-none-eabi/11.2 2022.02/bin/../lib/gcc/arm-none-eabi/11.2.1/thumb/v7-m/nofp\libg.a(lib_a-fclose.o)
 .debug_abbrev  0x0000451c      0x351 e:/arm gnu toolchain arm-none-eabi/11.2 2022.02/bin/../lib/gcc/arm-none-eabi/11.2.1/thumb/v7-m/nofp\libg.a(lib_a-fflush.o)
 .debug_abbrev  0x0000486d      0x2c2 e:/arm gnu toolchain arm-none-eabi/11.2 2022.02/bin/../lib/gcc/arm-none-eabi/11.2.1/thumb/v7-m/nofp\libg.a(lib_a-freer.o)
 .debug_abbrev  0x00004b2f      0x234 e:/arm gnu toolchain arm-none-eabi/11.2 2022.02/bin/../lib/gcc/arm-none-eabi/11.2.1/thumb/v7-m/nofp\libg.a(lib_a-lseekr.o)
 .debug_abbrev  0x00004d63      0x30a e:/arm gnu toolchain arm-none-eabi/11.2 2022.02/bin/../lib/gcc/arm-none-eabi/11.2.1/thumb/v7-m/nofp\libg.a(lib_a-makebuf.o)
 .debug_abbrev  0x0000506d      0x220 e:/arm gnu toolchain arm-none-eabi/11.2 2022.02/bin/../lib/gcc/arm-none-eabi/11.2.1/thumb/v7-m/nofp\libg.a(lib_a-readr.o)
 .debug_abbrev  0x0000528d      0x2fe e:/arm gnu toolchain arm-none-eabi/11.2 2022.02/bin/../lib/gcc/arm-none-eabi/11.2.1/thumb/v7-m/nofp\libg.a(lib_a-reent.o)
 .debug_abbrev  0x0000558b      0x233 e:/arm gnu toolchain arm-none-eabi/11.2 2022.02/bin/../lib/gcc/arm-none-eabi/11.2.1/thumb/v7-m/nofp\libg.a(lib_a-fstatr.o)
 .debug_abbrev  0x000057be      0x220 e:/arm gnu toolchain arm-none-eabi/11.2 2022.02/bin/../lib/gcc/arm-none-eabi/11.2.1/thumb/v7-m/nofp\libg.a(lib_a-isattyr.o)

.debug_aranges  0x00000000      0xb70
 .debug_aranges
                0x00000000       0x20 CMakeFiles/f103ze_usart_stlink.elf.dir/Core/Src/dma.c.obj
 .debug_aranges
                0x00000020       0x20 CMakeFiles/f103ze_usart_stlink.elf.dir/Core/Src/gpio.c.obj
 .debug_aranges
                0x00000040       0x30 CMakeFiles/f103ze_usart_stlink.elf.dir/Core/Src/main.c.obj
 .debug_aranges
                0x00000070       0x20 CMakeFiles/f103ze_usart_stlink.elf.dir/Core/Src/stm32f1xx_hal_msp.c.obj
 .debug_aranges
                0x00000090       0x78 CMakeFiles/f103ze_usart_stlink.elf.dir/Core/Src/stm32f1xx_it.c.obj
 .debug_aranges
                0x00000108       0xb0 CMakeFiles/f103ze_usart_stlink.elf.dir/Core/Src/syscalls.c.obj
 .debug_aranges
                0x000001b8       0x28 CMakeFiles/f103ze_usart_stlink.elf.dir/Core/Src/system_stm32f1xx.c.obj
 .debug_aranges
                0x000001e0       0x50 CMakeFiles/f103ze_usart_stlink.elf.dir/Core/Src/usart.c.obj
 .debug_aranges
                0x00000230       0xe0 CMakeFiles/f103ze_usart_stlink.elf.dir/Drivers/STM32F1xx_HAL_Driver/Src/stm32f1xx_hal.c.obj
 .debug_aranges
                0x00000310       0x90 CMakeFiles/f103ze_usart_stlink.elf.dir/Drivers/STM32F1xx_HAL_Driver/Src/stm32f1xx_hal_cortex.c.obj
 .debug_aranges
                0x000003a0       0x80 CMakeFiles/f103ze_usart_stlink.elf.dir/Drivers/STM32F1xx_HAL_Driver/Src/stm32f1xx_hal_dma.c.obj
 .debug_aranges
                0x00000420       0x58 CMakeFiles/f103ze_usart_stlink.elf.dir/Drivers/STM32F1xx_HAL_Driver/Src/stm32f1xx_hal_gpio.c.obj
 .debug_aranges
                0x00000478       0x90 CMakeFiles/f103ze_usart_stlink.elf.dir/Drivers/STM32F1xx_HAL_Driver/Src/stm32f1xx_hal_rcc.c.obj
 .debug_aranges
                0x00000508      0x200 CMakeFiles/f103ze_usart_stlink.elf.dir/Drivers/STM32F1xx_HAL_Driver/Src/stm32f1xx_hal_uart.c.obj
 .debug_aranges
                0x00000708       0x28 CMakeFiles/f103ze_usart_stlink.elf.dir/startup/startup_stm32f103xe.s.obj
 .debug_aranges
                0x00000730       0x20 e:/arm gnu toolchain arm-none-eabi/11.2 2022.02/bin/../lib/gcc/arm-none-eabi/11.2.1/thumb/v7-m/nofp\libg.a(lib_a-errno.o)
 .debug_aranges
                0x00000750       0x18 e:/arm gnu toolchain arm-none-eabi/11.2 2022.02/bin/../lib/gcc/arm-none-eabi/11.2.1/thumb/v7-m/nofp\libg.a(lib_a-impure.o)
 .debug_aranges
                0x00000768       0x20 e:/arm gnu toolchain arm-none-eabi/11.2 2022.02/bin/../lib/gcc/arm-none-eabi/11.2.1/thumb/v7-m/nofp\libg.a(lib_a-init.o)
 .debug_aranges
                0x00000788       0x20 e:/arm gnu toolchain arm-none-eabi/11.2 2022.02/bin/../lib/gcc/arm-none-eabi/11.2.1/thumb/v7-m/nofp\libg.a(lib_a-memset.o)
 .debug_aranges
                0x000007a8       0x28 e:/arm gnu toolchain arm-none-eabi/11.2 2022.02/bin/../lib/gcc/arm-none-eabi/11.2.1/thumb/v7-m/nofp\libg.a(lib_a-puts.o)
 .debug_aranges
                0x000007d0       0x20 e:/arm gnu toolchain arm-none-eabi/11.2 2022.02/bin/../lib/gcc/arm-none-eabi/11.2.1/thumb/v7-m/nofp\libg.a(lib_a-strlen-stub.o)
 .debug_aranges
                0x000007f0       0x68 e:/arm gnu toolchain arm-none-eabi/11.2 2022.02/bin/../lib/gcc/arm-none-eabi/11.2.1/thumb/v7-m/nofp\libg.a(lib_a-findfp.o)
 .debug_aranges
                0x00000858       0x20 e:/arm gnu toolchain arm-none-eabi/11.2 2022.02/bin/../lib/gcc/arm-none-eabi/11.2.1/thumb/v7-m/nofp\libg.a(lib_a-fvwrite.o)
 .debug_aranges
                0x00000878       0x28 e:/arm gnu toolchain arm-none-eabi/11.2 2022.02/bin/../lib/gcc/arm-none-eabi/11.2.1/thumb/v7-m/nofp\libg.a(lib_a-fwalk.o)
 .debug_aranges
                0x000008a0       0x20 e:/arm gnu toolchain arm-none-eabi/11.2 2022.02/bin/../lib/gcc/arm-none-eabi/11.2.1/thumb/v7-m/nofp\libg.a(lib_a-mallocr.o)
 .debug_aranges
                0x000008c0       0x20 e:/arm gnu toolchain arm-none-eabi/11.2 2022.02/bin/../lib/gcc/arm-none-eabi/11.2.1/thumb/v7-m/nofp\libg.a(lib_a-memchr-stub.o)
 .debug_aranges
                0x000008e0       0x20 e:/arm gnu toolchain arm-none-eabi/11.2 2022.02/bin/../lib/gcc/arm-none-eabi/11.2.1/thumb/v7-m/nofp\libg.a(lib_a-memcpy.o)
 .debug_aranges
                0x00000900       0x20 e:/arm gnu toolchain arm-none-eabi/11.2 2022.02/bin/../lib/gcc/arm-none-eabi/11.2.1/thumb/v7-m/nofp\libg.a(lib_a-memmove.o)
 .debug_aranges
                0x00000920       0x20 e:/arm gnu toolchain arm-none-eabi/11.2 2022.02/bin/../lib/gcc/arm-none-eabi/11.2.1/thumb/v7-m/nofp\libg.a(lib_a-mlock.o)
 .debug_aranges
                0x00000940       0x20 e:/arm gnu toolchain arm-none-eabi/11.2 2022.02/bin/../lib/gcc/arm-none-eabi/11.2.1/thumb/v7-m/nofp\libg.a(lib_a-reallocr.o)
 .debug_aranges
                0x00000960       0x20 e:/arm gnu toolchain arm-none-eabi/11.2 2022.02/bin/../lib/gcc/arm-none-eabi/11.2.1/thumb/v7-m/nofp\libg.a(lib_a-sbrkr.o)
 .debug_aranges
                0x00000980       0x40 e:/arm gnu toolchain arm-none-eabi/11.2 2022.02/bin/../lib/gcc/arm-none-eabi/11.2.1/thumb/v7-m/nofp\libg.a(lib_a-stdio.o)
 .debug_aranges
                0x000009c0       0x20 e:/arm gnu toolchain arm-none-eabi/11.2 2022.02/bin/../lib/gcc/arm-none-eabi/11.2.1/thumb/v7-m/nofp\libg.a(lib_a-writer.o)
 .debug_aranges
                0x000009e0       0x20 e:/arm gnu toolchain arm-none-eabi/11.2 2022.02/bin/../lib/gcc/arm-none-eabi/11.2.1/thumb/v7-m/nofp\libg.a(lib_a-wsetup.o)
 .debug_aranges
                0x00000a00       0x20 e:/arm gnu toolchain arm-none-eabi/11.2 2022.02/bin/../lib/gcc/arm-none-eabi/11.2.1/thumb/v7-m/nofp\libg.a(lib_a-closer.o)
 .debug_aranges
                0x00000a20       0x28 e:/arm gnu toolchain arm-none-eabi/11.2 2022.02/bin/../lib/gcc/arm-none-eabi/11.2.1/thumb/v7-m/nofp\libg.a(lib_a-fclose.o)
 .debug_aranges
                0x00000a48       0x30 e:/arm gnu toolchain arm-none-eabi/11.2 2022.02/bin/../lib/gcc/arm-none-eabi/11.2.1/thumb/v7-m/nofp\libg.a(lib_a-fflush.o)
 .debug_aranges
                0x00000a78       0x28 e:/arm gnu toolchain arm-none-eabi/11.2 2022.02/bin/../lib/gcc/arm-none-eabi/11.2.1/thumb/v7-m/nofp\libg.a(lib_a-freer.o)
 .debug_aranges
                0x00000aa0       0x20 e:/arm gnu toolchain arm-none-eabi/11.2 2022.02/bin/../lib/gcc/arm-none-eabi/11.2.1/thumb/v7-m/nofp\libg.a(lib_a-lseekr.o)
 .debug_aranges
                0x00000ac0       0x28 e:/arm gnu toolchain arm-none-eabi/11.2 2022.02/bin/../lib/gcc/arm-none-eabi/11.2.1/thumb/v7-m/nofp\libg.a(lib_a-makebuf.o)
 .debug_aranges
                0x00000ae8       0x20 e:/arm gnu toolchain arm-none-eabi/11.2 2022.02/bin/../lib/gcc/arm-none-eabi/11.2.1/thumb/v7-m/nofp\libg.a(lib_a-readr.o)
 .debug_aranges
                0x00000b08       0x28 e:/arm gnu toolchain arm-none-eabi/11.2 2022.02/bin/../lib/gcc/arm-none-eabi/11.2.1/thumb/v7-m/nofp\libg.a(lib_a-reent.o)
 .debug_aranges
                0x00000b30       0x20 e:/arm gnu toolchain arm-none-eabi/11.2 2022.02/bin/../lib/gcc/arm-none-eabi/11.2.1/thumb/v7-m/nofp\libg.a(lib_a-fstatr.o)
 .debug_aranges
                0x00000b50       0x20 e:/arm gnu toolchain arm-none-eabi/11.2 2022.02/bin/../lib/gcc/arm-none-eabi/11.2.1/thumb/v7-m/nofp\libg.a(lib_a-isattyr.o)

.debug_rnglists
                0x00000000      0xa6b
 .debug_rnglists
                0x00000000       0x13 CMakeFiles/f103ze_usart_stlink.elf.dir/Core/Src/dma.c.obj
 .debug_rnglists
                0x00000013       0x14 CMakeFiles/f103ze_usart_stlink.elf.dir/Core/Src/gpio.c.obj
 .debug_rnglists
                0x00000027       0x20 CMakeFiles/f103ze_usart_stlink.elf.dir/Core/Src/main.c.obj
 .debug_rnglists
                0x00000047       0x13 CMakeFiles/f103ze_usart_stlink.elf.dir/Core/Src/stm32f1xx_hal_msp.c.obj
 .debug_rnglists
                0x0000005a       0x55 CMakeFiles/f103ze_usart_stlink.elf.dir/Core/Src/stm32f1xx_it.c.obj
 .debug_rnglists
                0x000000af       0x7f CMakeFiles/f103ze_usart_stlink.elf.dir/Core/Src/syscalls.c.obj
 .debug_rnglists
                0x0000012e       0x1a CMakeFiles/f103ze_usart_stlink.elf.dir/Core/Src/system_stm32f1xx.c.obj
 .debug_rnglists
                0x00000148       0x38 CMakeFiles/f103ze_usart_stlink.elf.dir/Core/Src/usart.c.obj
 .debug_rnglists
                0x00000180       0xa3 CMakeFiles/f103ze_usart_stlink.elf.dir/Drivers/STM32F1xx_HAL_Driver/Src/stm32f1xx_hal.c.obj
 .debug_rnglists
                0x00000223       0x97 CMakeFiles/f103ze_usart_stlink.elf.dir/Drivers/STM32F1xx_HAL_Driver/Src/stm32f1xx_hal_cortex.c.obj
 .debug_rnglists
                0x000002ba       0x60 CMakeFiles/f103ze_usart_stlink.elf.dir/Drivers/STM32F1xx_HAL_Driver/Src/stm32f1xx_hal_dma.c.obj
 .debug_rnglists
                0x0000031a       0x3f CMakeFiles/f103ze_usart_stlink.elf.dir/Drivers/STM32F1xx_HAL_Driver/Src/stm32f1xx_hal_gpio.c.obj
 .debug_rnglists
                0x00000359       0x7d CMakeFiles/f103ze_usart_stlink.elf.dir/Drivers/STM32F1xx_HAL_Driver/Src/stm32f1xx_hal_rcc.c.obj
 .debug_rnglists
                0x000003d6      0x187 CMakeFiles/f103ze_usart_stlink.elf.dir/Drivers/STM32F1xx_HAL_Driver/Src/stm32f1xx_hal_uart.c.obj
 .debug_rnglists
                0x0000055d       0x19 CMakeFiles/f103ze_usart_stlink.elf.dir/startup/startup_stm32f103xe.s.obj
 .debug_rnglists
                0x00000576       0x13 e:/arm gnu toolchain arm-none-eabi/11.2 2022.02/bin/../lib/gcc/arm-none-eabi/11.2.1/thumb/v7-m/nofp\libg.a(lib_a-errno.o)
 .debug_rnglists
                0x00000589       0x13 e:/arm gnu toolchain arm-none-eabi/11.2 2022.02/bin/../lib/gcc/arm-none-eabi/11.2.1/thumb/v7-m/nofp\libg.a(lib_a-init.o)
 .debug_rnglists
                0x0000059c       0x14 e:/arm gnu toolchain arm-none-eabi/11.2 2022.02/bin/../lib/gcc/arm-none-eabi/11.2.1/thumb/v7-m/nofp\libg.a(lib_a-memset.o)
 .debug_rnglists
                0x000005b0       0x28 e:/arm gnu toolchain arm-none-eabi/11.2 2022.02/bin/../lib/gcc/arm-none-eabi/11.2.1/thumb/v7-m/nofp\libg.a(lib_a-puts.o)
 .debug_rnglists
                0x000005d8       0x13 e:/arm gnu toolchain arm-none-eabi/11.2 2022.02/bin/../lib/gcc/arm-none-eabi/11.2.1/thumb/v7-m/nofp\libg.a(lib_a-strlen-stub.o)
 .debug_rnglists
                0x000005eb       0x94 e:/arm gnu toolchain arm-none-eabi/11.2 2022.02/bin/../lib/gcc/arm-none-eabi/11.2.1/thumb/v7-m/nofp\libg.a(lib_a-findfp.o)
 .debug_rnglists
                0x0000067f       0x34 e:/arm gnu toolchain arm-none-eabi/11.2 2022.02/bin/../lib/gcc/arm-none-eabi/11.2.1/thumb/v7-m/nofp\libg.a(lib_a-fvwrite.o)
 .debug_rnglists
                0x000006b3       0x19 e:/arm gnu toolchain arm-none-eabi/11.2 2022.02/bin/../lib/gcc/arm-none-eabi/11.2.1/thumb/v7-m/nofp\libg.a(lib_a-fwalk.o)
 .debug_rnglists
                0x000006cc       0x4b e:/arm gnu toolchain arm-none-eabi/11.2 2022.02/bin/../lib/gcc/arm-none-eabi/11.2.1/thumb/v7-m/nofp\libg.a(lib_a-mallocr.o)
 .debug_rnglists
                0x00000717       0x14 e:/arm gnu toolchain arm-none-eabi/11.2 2022.02/bin/../lib/gcc/arm-none-eabi/11.2.1/thumb/v7-m/nofp\libg.a(lib_a-memchr-stub.o)
 .debug_rnglists
                0x0000072b       0x14 e:/arm gnu toolchain arm-none-eabi/11.2 2022.02/bin/../lib/gcc/arm-none-eabi/11.2.1/thumb/v7-m/nofp\libg.a(lib_a-memmove.o)
 .debug_rnglists
                0x0000073f       0x13 e:/arm gnu toolchain arm-none-eabi/11.2 2022.02/bin/../lib/gcc/arm-none-eabi/11.2.1/thumb/v7-m/nofp\libg.a(lib_a-mlock.o)
 .debug_rnglists
                0x00000752       0xfe e:/arm gnu toolchain arm-none-eabi/11.2 2022.02/bin/../lib/gcc/arm-none-eabi/11.2.1/thumb/v7-m/nofp\libg.a(lib_a-reallocr.o)
 .debug_rnglists
                0x00000850       0x13 e:/arm gnu toolchain arm-none-eabi/11.2 2022.02/bin/../lib/gcc/arm-none-eabi/11.2.1/thumb/v7-m/nofp\libg.a(lib_a-sbrkr.o)
 .debug_rnglists
                0x00000863       0x2b e:/arm gnu toolchain arm-none-eabi/11.2 2022.02/bin/../lib/gcc/arm-none-eabi/11.2.1/thumb/v7-m/nofp\libg.a(lib_a-stdio.o)
 .debug_rnglists
                0x0000088e       0x13 e:/arm gnu toolchain arm-none-eabi/11.2 2022.02/bin/../lib/gcc/arm-none-eabi/11.2.1/thumb/v7-m/nofp\libg.a(lib_a-writer.o)
 .debug_rnglists
                0x000008a1       0x29 e:/arm gnu toolchain arm-none-eabi/11.2 2022.02/bin/../lib/gcc/arm-none-eabi/11.2.1/thumb/v7-m/nofp\libg.a(lib_a-wsetup.o)
 .debug_rnglists
                0x000008ca       0x13 e:/arm gnu toolchain arm-none-eabi/11.2 2022.02/bin/../lib/gcc/arm-none-eabi/11.2.1/thumb/v7-m/nofp\libg.a(lib_a-closer.o)
 .debug_rnglists
                0x000008dd       0x32 e:/arm gnu toolchain arm-none-eabi/11.2 2022.02/bin/../lib/gcc/arm-none-eabi/11.2.1/thumb/v7-m/nofp\libg.a(lib_a-fclose.o)
 .debug_rnglists
                0x0000090f       0x74 e:/arm gnu toolchain arm-none-eabi/11.2 2022.02/bin/../lib/gcc/arm-none-eabi/11.2.1/thumb/v7-m/nofp\libg.a(lib_a-fflush.o)
 .debug_rnglists
                0x00000983       0x1b e:/arm gnu toolchain arm-none-eabi/11.2 2022.02/bin/../lib/gcc/arm-none-eabi/11.2.1/thumb/v7-m/nofp\libg.a(lib_a-freer.o)
 .debug_rnglists
                0x0000099e       0x13 e:/arm gnu toolchain arm-none-eabi/11.2 2022.02/bin/../lib/gcc/arm-none-eabi/11.2.1/thumb/v7-m/nofp\libg.a(lib_a-lseekr.o)
 .debug_rnglists
                0x000009b1       0x5b e:/arm gnu toolchain arm-none-eabi/11.2 2022.02/bin/../lib/gcc/arm-none-eabi/11.2.1/thumb/v7-m/nofp\libg.a(lib_a-makebuf.o)
 .debug_rnglists
                0x00000a0c       0x13 e:/arm gnu toolchain arm-none-eabi/11.2 2022.02/bin/../lib/gcc/arm-none-eabi/11.2.1/thumb/v7-m/nofp\libg.a(lib_a-readr.o)
 .debug_rnglists
                0x00000a1f       0x26 e:/arm gnu toolchain arm-none-eabi/11.2 2022.02/bin/../lib/gcc/arm-none-eabi/11.2.1/thumb/v7-m/nofp\libg.a(lib_a-reent.o)
 .debug_rnglists
                0x00000a45       0x13 e:/arm gnu toolchain arm-none-eabi/11.2 2022.02/bin/../lib/gcc/arm-none-eabi/11.2.1/thumb/v7-m/nofp\libg.a(lib_a-fstatr.o)
 .debug_rnglists
                0x00000a58       0x13 e:/arm gnu toolchain arm-none-eabi/11.2 2022.02/bin/../lib/gcc/arm-none-eabi/11.2.1/thumb/v7-m/nofp\libg.a(lib_a-isattyr.o)

.debug_line     0x00000000     0xc75a
 .debug_line    0x00000000      0x209 CMakeFiles/f103ze_usart_stlink.elf.dir/Core/Src/dma.c.obj
 .debug_line    0x00000209      0x262 CMakeFiles/f103ze_usart_stlink.elf.dir/Core/Src/gpio.c.obj
 .debug_line    0x0000046b      0x4e9 CMakeFiles/f103ze_usart_stlink.elf.dir/Core/Src/main.c.obj
 .debug_line    0x00000954      0x1b6 CMakeFiles/f103ze_usart_stlink.elf.dir/Core/Src/stm32f1xx_hal_msp.c.obj
 .debug_line    0x00000b0a      0x3f3 CMakeFiles/f103ze_usart_stlink.elf.dir/Core/Src/stm32f1xx_it.c.obj
 .debug_line    0x00000efd      0x458 CMakeFiles/f103ze_usart_stlink.elf.dir/Core/Src/syscalls.c.obj
 .debug_line    0x00001355      0x280 CMakeFiles/f103ze_usart_stlink.elf.dir/Core/Src/system_stm32f1xx.c.obj
 .debug_line    0x000015d5      0x4d7 CMakeFiles/f103ze_usart_stlink.elf.dir/Core/Src/usart.c.obj
 .debug_line    0x00001aac      0x5c4 CMakeFiles/f103ze_usart_stlink.elf.dir/Drivers/STM32F1xx_HAL_Driver/Src/stm32f1xx_hal.c.obj
 .debug_line    0x00002070      0x6a0 CMakeFiles/f103ze_usart_stlink.elf.dir/Drivers/STM32F1xx_HAL_Driver/Src/stm32f1xx_hal_cortex.c.obj
 .debug_line    0x00002710      0xd51 CMakeFiles/f103ze_usart_stlink.elf.dir/Drivers/STM32F1xx_HAL_Driver/Src/stm32f1xx_hal_dma.c.obj
 .debug_line    0x00003461      0x657 CMakeFiles/f103ze_usart_stlink.elf.dir/Drivers/STM32F1xx_HAL_Driver/Src/stm32f1xx_hal_gpio.c.obj
 .debug_line    0x00003ab8      0xc8c CMakeFiles/f103ze_usart_stlink.elf.dir/Drivers/STM32F1xx_HAL_Driver/Src/stm32f1xx_hal_rcc.c.obj
 .debug_line    0x00004744     0x2120 CMakeFiles/f103ze_usart_stlink.elf.dir/Drivers/STM32F1xx_HAL_Driver/Src/stm32f1xx_hal_uart.c.obj
 .debug_line    0x00006864       0x79 CMakeFiles/f103ze_usart_stlink.elf.dir/startup/startup_stm32f103xe.s.obj
 .debug_line    0x000068dd      0x180 e:/arm gnu toolchain arm-none-eabi/11.2 2022.02/bin/../lib/gcc/arm-none-eabi/11.2.1/thumb/v7-m/nofp\libg.a(lib_a-errno.o)
 .debug_line    0x00006a5d      0x15b e:/arm gnu toolchain arm-none-eabi/11.2 2022.02/bin/../lib/gcc/arm-none-eabi/11.2.1/thumb/v7-m/nofp\libg.a(lib_a-impure.o)
 .debug_line    0x00006bb8      0x185 e:/arm gnu toolchain arm-none-eabi/11.2 2022.02/bin/../lib/gcc/arm-none-eabi/11.2.1/thumb/v7-m/nofp\libg.a(lib_a-init.o)
 .debug_line    0x00006d3d      0x23d e:/arm gnu toolchain arm-none-eabi/11.2 2022.02/bin/../lib/gcc/arm-none-eabi/11.2.1/thumb/v7-m/nofp\libg.a(lib_a-memset.o)
 .debug_line    0x00006f7a      0x2c3 e:/arm gnu toolchain arm-none-eabi/11.2 2022.02/bin/../lib/gcc/arm-none-eabi/11.2.1/thumb/v7-m/nofp\libg.a(lib_a-puts.o)
 .debug_line    0x0000723d      0x168 e:/arm gnu toolchain arm-none-eabi/11.2 2022.02/bin/../lib/gcc/arm-none-eabi/11.2.1/thumb/v7-m/nofp\libg.a(lib_a-strlen-stub.o)
 .debug_line    0x000073a5      0x614 e:/arm gnu toolchain arm-none-eabi/11.2 2022.02/bin/../lib/gcc/arm-none-eabi/11.2.1/thumb/v7-m/nofp\libg.a(lib_a-findfp.o)
 .debug_line    0x000079b9      0x673 e:/arm gnu toolchain arm-none-eabi/11.2 2022.02/bin/../lib/gcc/arm-none-eabi/11.2.1/thumb/v7-m/nofp\libg.a(lib_a-fvwrite.o)
 .debug_line    0x0000802c      0x2ec e:/arm gnu toolchain arm-none-eabi/11.2 2022.02/bin/../lib/gcc/arm-none-eabi/11.2.1/thumb/v7-m/nofp\libg.a(lib_a-fwalk.o)
 .debug_line    0x00008318      0x955 e:/arm gnu toolchain arm-none-eabi/11.2 2022.02/bin/../lib/gcc/arm-none-eabi/11.2.1/thumb/v7-m/nofp\libg.a(lib_a-mallocr.o)
 .debug_line    0x00008c6d      0x237 e:/arm gnu toolchain arm-none-eabi/11.2 2022.02/bin/../lib/gcc/arm-none-eabi/11.2.1/thumb/v7-m/nofp\libg.a(lib_a-memchr-stub.o)
 .debug_line    0x00008ea4       0x98 e:/arm gnu toolchain arm-none-eabi/11.2 2022.02/bin/../lib/gcc/arm-none-eabi/11.2.1/thumb/v7-m/nofp\libg.a(lib_a-memcpy.o)
 .debug_line    0x00008f3c      0x27f e:/arm gnu toolchain arm-none-eabi/11.2 2022.02/bin/../lib/gcc/arm-none-eabi/11.2.1/thumb/v7-m/nofp\libg.a(lib_a-memmove.o)
 .debug_line    0x000091bb      0x1d2 e:/arm gnu toolchain arm-none-eabi/11.2 2022.02/bin/../lib/gcc/arm-none-eabi/11.2.1/thumb/v7-m/nofp\libg.a(lib_a-mlock.o)
 .debug_line    0x0000938d      0x85c e:/arm gnu toolchain arm-none-eabi/11.2 2022.02/bin/../lib/gcc/arm-none-eabi/11.2.1/thumb/v7-m/nofp\libg.a(lib_a-reallocr.o)
 .debug_line    0x00009be9      0x21a e:/arm gnu toolchain arm-none-eabi/11.2 2022.02/bin/../lib/gcc/arm-none-eabi/11.2.1/thumb/v7-m/nofp\libg.a(lib_a-sbrkr.o)
 .debug_line    0x00009e03      0x2ef e:/arm gnu toolchain arm-none-eabi/11.2 2022.02/bin/../lib/gcc/arm-none-eabi/11.2.1/thumb/v7-m/nofp\libg.a(lib_a-stdio.o)
 .debug_line    0x0000a0f2      0x221 e:/arm gnu toolchain arm-none-eabi/11.2 2022.02/bin/../lib/gcc/arm-none-eabi/11.2.1/thumb/v7-m/nofp\libg.a(lib_a-writer.o)
 .debug_line    0x0000a313      0x3a8 e:/arm gnu toolchain arm-none-eabi/11.2 2022.02/bin/../lib/gcc/arm-none-eabi/11.2.1/thumb/v7-m/nofp\libg.a(lib_a-wsetup.o)
 .debug_line    0x0000a6bb      0x21a e:/arm gnu toolchain arm-none-eabi/11.2 2022.02/bin/../lib/gcc/arm-none-eabi/11.2.1/thumb/v7-m/nofp\libg.a(lib_a-closer.o)
 .debug_line    0x0000a8d5      0x2ec e:/arm gnu toolchain arm-none-eabi/11.2 2022.02/bin/../lib/gcc/arm-none-eabi/11.2.1/thumb/v7-m/nofp\libg.a(lib_a-fclose.o)
 .debug_line    0x0000abc1      0x52e e:/arm gnu toolchain arm-none-eabi/11.2 2022.02/bin/../lib/gcc/arm-none-eabi/11.2.1/thumb/v7-m/nofp\libg.a(lib_a-fflush.o)
 .debug_line    0x0000b0ef      0x5c3 e:/arm gnu toolchain arm-none-eabi/11.2 2022.02/bin/../lib/gcc/arm-none-eabi/11.2.1/thumb/v7-m/nofp\libg.a(lib_a-freer.o)
 .debug_line    0x0000b6b2      0x221 e:/arm gnu toolchain arm-none-eabi/11.2 2022.02/bin/../lib/gcc/arm-none-eabi/11.2.1/thumb/v7-m/nofp\libg.a(lib_a-lseekr.o)
 .debug_line    0x0000b8d3      0x484 e:/arm gnu toolchain arm-none-eabi/11.2 2022.02/bin/../lib/gcc/arm-none-eabi/11.2.1/thumb/v7-m/nofp\libg.a(lib_a-makebuf.o)
 .debug_line    0x0000bd57      0x220 e:/arm gnu toolchain arm-none-eabi/11.2 2022.02/bin/../lib/gcc/arm-none-eabi/11.2.1/thumb/v7-m/nofp\libg.a(lib_a-readr.o)
 .debug_line    0x0000bf77      0x31b e:/arm gnu toolchain arm-none-eabi/11.2 2022.02/bin/../lib/gcc/arm-none-eabi/11.2.1/thumb/v7-m/nofp\libg.a(lib_a-reent.o)
 .debug_line    0x0000c292      0x2ad e:/arm gnu toolchain arm-none-eabi/11.2 2022.02/bin/../lib/gcc/arm-none-eabi/11.2.1/thumb/v7-m/nofp\libg.a(lib_a-fstatr.o)
 .debug_line    0x0000c53f      0x21b e:/arm gnu toolchain arm-none-eabi/11.2 2022.02/bin/../lib/gcc/arm-none-eabi/11.2.1/thumb/v7-m/nofp\libg.a(lib_a-isattyr.o)

.debug_str      0x00000000     0x3c3c
 .debug_str     0x00000000      0x5db CMakeFiles/f103ze_usart_stlink.elf.dir/Core/Src/dma.c.obj
                                0x618 (size before relaxing)
 .debug_str     0x000005db       0xe3 CMakeFiles/f103ze_usart_stlink.elf.dir/Core/Src/gpio.c.obj
                                0x2d5 (size before relaxing)
 .debug_str     0x000006be      0x60d CMakeFiles/f103ze_usart_stlink.elf.dir/Core/Src/main.c.obj
                                0x831 (size before relaxing)
 .debug_str     0x00000ccb       0x85 CMakeFiles/f103ze_usart_stlink.elf.dir/Core/Src/stm32f1xx_hal_msp.c.obj
                                0x269 (size before relaxing)
 .debug_str     0x00000d50      0x176 CMakeFiles/f103ze_usart_stlink.elf.dir/Core/Src/stm32f1xx_it.c.obj
                                0x713 (size before relaxing)
 .debug_str     0x00000ec6      0x269 CMakeFiles/f103ze_usart_stlink.elf.dir/Core/Src/syscalls.c.obj
                                0x46a (size before relaxing)
 .debug_str     0x0000112f       0xa9 CMakeFiles/f103ze_usart_stlink.elf.dir/Core/Src/system_stm32f1xx.c.obj
                                0x29e (size before relaxing)
 .debug_str     0x000011d8      0x101 CMakeFiles/f103ze_usart_stlink.elf.dir/Core/Src/usart.c.obj
                                0xbbc (size before relaxing)
 .debug_str     0x000012d9      0x318 CMakeFiles/f103ze_usart_stlink.elf.dir/Drivers/STM32F1xx_HAL_Driver/Src/stm32f1xx_hal.c.obj
                                0x95c (size before relaxing)
 .debug_str     0x000015f1      0x3bf CMakeFiles/f103ze_usart_stlink.elf.dir/Drivers/STM32F1xx_HAL_Driver/Src/stm32f1xx_hal_cortex.c.obj
                                0xa01 (size before relaxing)
 .debug_str     0x000019b0      0x240 CMakeFiles/f103ze_usart_stlink.elf.dir/Drivers/STM32F1xx_HAL_Driver/Src/stm32f1xx_hal_dma.c.obj
                                0x647 (size before relaxing)
 .debug_str     0x00001bf0      0x132 CMakeFiles/f103ze_usart_stlink.elf.dir/Drivers/STM32F1xx_HAL_Driver/Src/stm32f1xx_hal_gpio.c.obj
                                0x44a (size before relaxing)
 .debug_str     0x00001d22      0x21f CMakeFiles/f103ze_usart_stlink.elf.dir/Drivers/STM32F1xx_HAL_Driver/Src/stm32f1xx_hal_rcc.c.obj
                                0x675 (size before relaxing)
 .debug_str     0x00001f41      0x590 CMakeFiles/f103ze_usart_stlink.elf.dir/Drivers/STM32F1xx_HAL_Driver/Src/stm32f1xx_hal_uart.c.obj
                                0xcd8 (size before relaxing)
 .debug_str     0x000024d1       0x22 CMakeFiles/f103ze_usart_stlink.elf.dir/startup/startup_stm32f103xe.s.obj
                                 0x62 (size before relaxing)
 .debug_str     0x000024f3      0x4c9 e:/arm gnu toolchain arm-none-eabi/11.2 2022.02/bin/../lib/gcc/arm-none-eabi/11.2.1/thumb/v7-m/nofp\libg.a(lib_a-errno.o)
                                0x5ce (size before relaxing)
 .debug_str     0x000029bc       0xfc e:/arm gnu toolchain arm-none-eabi/11.2 2022.02/bin/../lib/gcc/arm-none-eabi/11.2.1/thumb/v7-m/nofp\libg.a(lib_a-impure.o)
                                0x5e6 (size before relaxing)
 .debug_str     0x00002ab8      0x139 e:/arm gnu toolchain arm-none-eabi/11.2 2022.02/bin/../lib/gcc/arm-none-eabi/11.2.1/thumb/v7-m/nofp\libg.a(lib_a-init.o)